../Core/Src/icm4268.c:11:26:ICM_WriteReg	24	static
../Core/Src/icm4268.c:20:19:ICM_ReadRegs	24	static
../Core/Src/icm4268.c:35:19:ICM_Init	16	static
../Core/Src/icm4268.c:76:19:ICM_ReadAccel_RAW	32	static
../Core/Src/icm4268.c:87:19:ICM_ReadGyro_RAW	32	static
../Core/Src/icm4268.c:114:6:normalizeQuaternion	16	static
../Core/Src/icm4268.c:131:6:quaternionToEuler	32	static
../Core/Src/icm4268.c:162:6:MadgwickAHRSupdate	128	static
../Core/Src/icm4268.c:243:19:ICM_ReadAccel	40	static
../Core/Src/icm4268.c:263:19:ICM_ReadGyro	40	static
../Core/Src/icm4268.c:288:19:ICM_UpdateEulerAngles	32	static
../Core/Src/icm4268.c:311:6:ICM_GetEulerAngles	24	static
../Core/Src/icm4268.c:317:6:ICM_GetEulerAnglesDeg	24	static
../Core/Src/icm4268.c:327:6:ICM_ResetOrientation	4	static
../Core/Src/icm4268.c:345:6:ICM_CalibrateGyro	88	static
../Core/Src/icm4268.c:379:6:ICM_GetGyroBias	24	static
../Core/Src/icm4268.c:389:6:ICM_SetGyroBias	24	static
../Core/Src/icm4268.c:400:6:ICM_EnableGyroCalibration	16	static
