../Core/Src/main.c:127:5:_write	24	static
../Core/Src/main.c:130:6:SetMotorOutputs	16	static
../Core/Src/main.c:137:6:ArmESCs	8	static
../Core/Src/main.c:144:6:testCycle	16	static
../Core/Src/main.c:156:6:testMotorsDirs	8	static
../Core/Src/main.c:173:6:stopMotors	8	static
../Core/Src/main.c:178:6:performLanding	16	static
../Core/Src/main.c:207:6:performTestCycle	16	static
../Core/Src/main.c:245:6:performLQRStable	128	static
../Core/Src/main.c:319:6:handleDroneState	8	static
../Core/Src/main.c:394:5:main	48	static
../Core/Src/main.c:589:6:SystemClock_Config	88	static
../Core/Src/main.c:642:13:MX_SPI1_Init	8	static
../Core/Src/main.c:682:13:MX_TIM2_Init	64	static
../Core/Src/main.c:745:13:MX_TIM3_Init	64	static
../Core/Src/main.c:804:13:MX_TIM4_Init	64	static
../Core/Src/main.c:863:13:MX_USART3_UART_Init	8	static
../Core/Src/main.c:896:13:MX_DMA_Init	16	static
../Core/Src/main.c:923:13:MX_GPIO_Init	48	static
../Core/Src/main.c:960:9:ParseCommand	464	static
../Core/Src/main.c:1151:6:HAL_GPIO_EXTI_Callback	16	static
../Core/Src/main.c:1167:6:HAL_UART_RxCpltCallback	16	static
../Core/Src/main.c:1178:6:USB_CDC_RxHandler	16	static
../Core/Src/main.c:1190:6:MPU_Config	24	static
../Core/Src/main.c:1221:6:Error_Handler	4	static,ignoring_inline_asm
