Archive member included to satisfy reference by file (symbol)

/opt/st/stm32cubeide_1.16.1/plugins/com.st.stm32cube.ide.mcu.externaltools.gnu-tools-for-stm32.12.3.rel1.linux64_1.0.200.202406132123/tools/bin/../lib/gcc/arm-none-eabi/12.3.1/../../../../arm-none-eabi/lib/thumb/v7e-m+fp/hard/libc_nano.a(libc_a-exit.o)
                              /opt/st/stm32cubeide_1.16.1/plugins/com.st.stm32cube.ide.mcu.externaltools.gnu-tools-for-stm32.12.3.rel1.linux64_1.0.200.202406132123/tools/bin/../lib/gcc/arm-none-eabi/12.3.1/../../../../arm-none-eabi/lib/thumb/v7e-m+fp/hard/crt0.o (exit)
/opt/st/stm32cubeide_1.16.1/plugins/com.st.stm32cube.ide.mcu.externaltools.gnu-tools-for-stm32.12.3.rel1.linux64_1.0.200.202406132123/tools/bin/../lib/gcc/arm-none-eabi/12.3.1/../../../../arm-none-eabi/lib/thumb/v7e-m+fp/hard/libc_nano.a(libc_a-malloc.o)
                              ./Middlewares/ST/STM32_USB_Device_Library/Class/CDC/Src/usbd_cdc.o (malloc)
/opt/st/stm32cubeide_1.16.1/plugins/com.st.stm32cube.ide.mcu.externaltools.gnu-tools-for-stm32.12.3.rel1.linux64_1.0.200.202406132123/tools/bin/../lib/gcc/arm-none-eabi/12.3.1/../../../../arm-none-eabi/lib/thumb/v7e-m+fp/hard/libc_nano.a(libc_a-mallocr.o)
                              /opt/st/stm32cubeide_1.16.1/plugins/com.st.stm32cube.ide.mcu.externaltools.gnu-tools-for-stm32.12.3.rel1.linux64_1.0.200.202406132123/tools/bin/../lib/gcc/arm-none-eabi/12.3.1/../../../../arm-none-eabi/lib/thumb/v7e-m+fp/hard/libc_nano.a(libc_a-malloc.o) (_malloc_r)
/opt/st/stm32cubeide_1.16.1/plugins/com.st.stm32cube.ide.mcu.externaltools.gnu-tools-for-stm32.12.3.rel1.linux64_1.0.200.202406132123/tools/bin/../lib/gcc/arm-none-eabi/12.3.1/../../../../arm-none-eabi/lib/thumb/v7e-m+fp/hard/libc_nano.a(libc_a-mlock.o)
                              /opt/st/stm32cubeide_1.16.1/plugins/com.st.stm32cube.ide.mcu.externaltools.gnu-tools-for-stm32.12.3.rel1.linux64_1.0.200.202406132123/tools/bin/../lib/gcc/arm-none-eabi/12.3.1/../../../../arm-none-eabi/lib/thumb/v7e-m+fp/hard/libc_nano.a(libc_a-mallocr.o) (__malloc_lock)
/opt/st/stm32cubeide_1.16.1/plugins/com.st.stm32cube.ide.mcu.externaltools.gnu-tools-for-stm32.12.3.rel1.linux64_1.0.200.202406132123/tools/bin/../lib/gcc/arm-none-eabi/12.3.1/../../../../arm-none-eabi/lib/thumb/v7e-m+fp/hard/libc_nano.a(libc_a-nano-vfprintf_float.o)
                              (_printf_float)
/opt/st/stm32cubeide_1.16.1/plugins/com.st.stm32cube.ide.mcu.externaltools.gnu-tools-for-stm32.12.3.rel1.linux64_1.0.200.202406132123/tools/bin/../lib/gcc/arm-none-eabi/12.3.1/../../../../arm-none-eabi/lib/thumb/v7e-m+fp/hard/libc_nano.a(libc_a-nano-vfprintf_i.o)
                              /opt/st/stm32cubeide_1.16.1/plugins/com.st.stm32cube.ide.mcu.externaltools.gnu-tools-for-stm32.12.3.rel1.linux64_1.0.200.202406132123/tools/bin/../lib/gcc/arm-none-eabi/12.3.1/../../../../arm-none-eabi/lib/thumb/v7e-m+fp/hard/libc_nano.a(libc_a-nano-vfprintf_float.o) (_printf_common)
/opt/st/stm32cubeide_1.16.1/plugins/com.st.stm32cube.ide.mcu.externaltools.gnu-tools-for-stm32.12.3.rel1.linux64_1.0.200.202406132123/tools/bin/../lib/gcc/arm-none-eabi/12.3.1/../../../../arm-none-eabi/lib/thumb/v7e-m+fp/hard/libc_nano.a(libc_a-nano-vfscanf_float.o)
                              (_scanf_float)
/opt/st/stm32cubeide_1.16.1/plugins/com.st.stm32cube.ide.mcu.externaltools.gnu-tools-for-stm32.12.3.rel1.linux64_1.0.200.202406132123/tools/bin/../lib/gcc/arm-none-eabi/12.3.1/../../../../arm-none-eabi/lib/thumb/v7e-m+fp/hard/libc_nano.a(libc_a-findfp.o)
                              /opt/st/stm32cubeide_1.16.1/plugins/com.st.stm32cube.ide.mcu.externaltools.gnu-tools-for-stm32.12.3.rel1.linux64_1.0.200.202406132123/tools/bin/../lib/gcc/arm-none-eabi/12.3.1/../../../../arm-none-eabi/lib/thumb/v7e-m+fp/hard/libc_nano.a(libc_a-exit.o) (__stdio_exit_handler)
/opt/st/stm32cubeide_1.16.1/plugins/com.st.stm32cube.ide.mcu.externaltools.gnu-tools-for-stm32.12.3.rel1.linux64_1.0.200.202406132123/tools/bin/../lib/gcc/arm-none-eabi/12.3.1/../../../../arm-none-eabi/lib/thumb/v7e-m+fp/hard/libc_nano.a(libc_a-fwalk.o)
                              /opt/st/stm32cubeide_1.16.1/plugins/com.st.stm32cube.ide.mcu.externaltools.gnu-tools-for-stm32.12.3.rel1.linux64_1.0.200.202406132123/tools/bin/../lib/gcc/arm-none-eabi/12.3.1/../../../../arm-none-eabi/lib/thumb/v7e-m+fp/hard/libc_nano.a(libc_a-findfp.o) (_fwalk_sglue)
/opt/st/stm32cubeide_1.16.1/plugins/com.st.stm32cube.ide.mcu.externaltools.gnu-tools-for-stm32.12.3.rel1.linux64_1.0.200.202406132123/tools/bin/../lib/gcc/arm-none-eabi/12.3.1/../../../../arm-none-eabi/lib/thumb/v7e-m+fp/hard/libc_nano.a(libc_a-printf.o)
                              ./Core/Src/icm4268.o (printf)
/opt/st/stm32cubeide_1.16.1/plugins/com.st.stm32cube.ide.mcu.externaltools.gnu-tools-for-stm32.12.3.rel1.linux64_1.0.200.202406132123/tools/bin/../lib/gcc/arm-none-eabi/12.3.1/../../../../arm-none-eabi/lib/thumb/v7e-m+fp/hard/libc_nano.a(libc_a-puts.o)
[...]
Memory Configuration

Name             Origin             Length             Attributes
RAM              0x20000000         0x00040000         xrw
FLASH            0x08000000         0x00080000         xr
*default*        0x00000000         0xffffffff

Linker script and memory map

LOAD /opt/st/stm32cubeide_1.16.1/plugins/com.st.stm32cube.ide.mcu.externaltools.gnu-tools-for-stm32.12.3.rel1.linux64_1.0.200.202406132123/tools/bin/../lib/gcc/arm-none-eabi/12.3.1/thumb/v7e-m+fp/hard/crti.o
LOAD /opt/st/stm32cubeide_1.16.1/plugins/com.st.stm32cube.ide.mcu.externaltools.gnu-tools-for-stm32.12.3.rel1.linux64_1.0.200.202406132123/tools/bin/../lib/gcc/arm-none-eabi/12.3.1/thumb/v7e-m+fp/hard/crtbegin.o
LOAD /opt/st/stm32cubeide_1.16.1/plugins/com.st.stm32cube.ide.mcu.externaltools.gnu-tools-for-stm32.12.3.rel1.linux64_1.0.200.202406132123/tools/bin/../lib/gcc/arm-none-eabi/12.3.1/../../../../arm-none-eabi/lib/thumb/v7e-m+fp/hard/crt0.o
LOAD ./Core/Src/icm4268.o
LOAD ./Core/Src/main.o
LOAD ./Core/Src/stm32f7xx_hal_msp.o
LOAD ./Core/Src/stm32f7xx_it.o
LOAD ./Core/Src/syscalls.o
LOAD ./Core/Src/sysmem.o
LOAD ./Core/Src/system_stm32f7xx.o
LOAD ./Core/Startup/startup_stm32f722retx.o
LOAD ./Drivers/STM32F7xx_HAL_Driver/Src/stm32f7xx_hal.o
LOAD ./Drivers/STM32F7xx_HAL_Driver/Src/stm32f7xx_hal_cortex.o
LOAD ./Drivers/STM32F7xx_HAL_Driver/Src/stm32f7xx_hal_dma.o
LOAD ./Drivers/STM32F7xx_HAL_Driver/Src/stm32f7xx_hal_dma_ex.o
LOAD ./Drivers/STM32F7xx_HAL_Driver/Src/stm32f7xx_hal_exti.o
LOAD ./Drivers/STM32F7xx_HAL_Driver/Src/stm32f7xx_hal_flash.o
LOAD ./Drivers/STM32F7xx_HAL_Driver/Src/stm32f7xx_hal_flash_ex.o
LOAD ./Drivers/STM32F7xx_HAL_Driver/Src/stm32f7xx_hal_gpio.o
LOAD ./Drivers/STM32F7xx_HAL_Driver/Src/stm32f7xx_hal_i2c.o
LOAD ./Drivers/STM32F7xx_HAL_Driver/Src/stm32f7xx_hal_i2c_ex.o
LOAD ./Drivers/STM32F7xx_HAL_Driver/Src/stm32f7xx_hal_pcd.o
LOAD ./Drivers/STM32F7xx_HAL_Driver/Src/stm32f7xx_hal_pcd_ex.o
LOAD ./Drivers/STM32F7xx_HAL_Driver/Src/stm32f7xx_hal_pwr.o
LOAD ./Drivers/STM32F7xx_HAL_Driver/Src/stm32f7xx_hal_pwr_ex.o
LOAD ./Drivers/STM32F7xx_HAL_Driver/Src/stm32f7xx_hal_rcc.o
LOAD ./Drivers/STM32F7xx_HAL_Driver/Src/stm32f7xx_hal_rcc_ex.o
LOAD ./Drivers/STM32F7xx_HAL_Driver/Src/stm32f7xx_hal_spi.o
LOAD ./Drivers/STM32F7xx_HAL_Driver/Src/stm32f7xx_hal_spi_ex.o
LOAD ./Drivers/STM32F7xx_HAL_Driver/Src/stm32f7xx_hal_tim.o
LOAD ./Drivers/STM32F7xx_HAL_Driver/Src/stm32f7xx_hal_tim_ex.o
LOAD ./Drivers/STM32F7xx_HAL_Driver/Src/stm32f7xx_hal_uart.o
LOAD ./Drivers/STM32F7xx_HAL_Driver/Src/stm32f7xx_hal_uart_ex.o
LOAD ./Drivers/STM32F7xx_HAL_Driver/Src/stm32f7xx_ll_usb.o
LOAD ./Middlewares/ST/STM32_USB_Device_Library/Class/CDC/Src/usbd_cdc.o
LOAD ./Middlewares/ST/STM32_USB_Device_Library/Core/Src/usbd_core.o
LOAD ./Middlewares/ST/STM32_USB_Device_Library/Core/Src/usbd_ctlreq.o
LOAD ./Middlewares/ST/STM32_USB_Device_Library/Core/Src/usbd_ioreq.o
LOAD ./USB_DEVICE/App/usb_device.o
LOAD ./USB_DEVICE/App/usbd_cdc_if.o
LOAD ./USB_DEVICE/App/usbd_desc.o
LOAD ./USB_DEVICE/Target/usbd_conf.o
START GROUP
LOAD /opt/st/stm32cubeide_1.16.1/plugins/com.st.stm32cube.ide.mcu.externaltools.gnu-tools-for-stm32.12.3.rel1.linux64_1.0.200.202406132123/tools/bin/../lib/gcc/arm-none-eabi/12.3.1/../../../../arm-none-eabi/lib/thumb/v7e-m+fp/hard/libc_nano.a
LOAD /opt/st/stm32cubeide_1.16.1/plugins/com.st.stm32cube.ide.mcu.externaltools.gnu-tools-for-stm32.12.3.rel1.linux64_1.0.200.202406132123/tools/bin/../lib/gcc/arm-none-eabi/12.3.1/../../../../arm-none-eabi/lib/thumb/v7e-m+fp/hard/libm.a
END GROUP
START GROUP
LOAD /opt/st/stm32cubeide_1.16.1/plugins/com.st.stm32cube.ide.mcu.externaltools.gnu-tools-for-stm32.12.3.rel1.linux64_1.0.200.202406132123/tools/bin/../lib/gcc/arm-none-eabi/12.3.1/thumb/v7e-m+fp/hard/libgcc.a
LOAD /opt/st/stm32cubeide_1.16.1/plugins/com.st.stm32cube.ide.mcu.externaltools.gnu-tools-for-stm32.12.3.rel1.linux64_1.0.200.202406132123/tools/bin/../lib/gcc/arm-none-eabi/12.3.1/../../../../arm-none-eabi/lib/thumb/v7e-m+fp/hard/libc_nano.a
END GROUP
START GROUP
LOAD /opt/st/stm32cubeide_1.16.1/plugins/com.st.stm32cube.ide.mcu.externaltools.gnu-tools-for-stm32.12.3.rel1.linux64_1.0.200.202406132123/tools/bin/../lib/gcc/arm-none-eabi/12.3.1/thumb/v7e-m+fp/hard/libgcc.a
LOAD /opt/st/stm32cubeide_1.16.1/plugins/com.st.stm32cube.ide.mcu.externaltools.gnu-tools-for-stm32.12.3.rel1.linux64_1.0.200.202406132123/tools/bin/../lib/gcc/arm-none-eabi/12.3.1/../../../../arm-none-eabi/lib/thumb/v7e-m+fp/hard/libc_nano.a
LOAD /opt/st/stm32cubeide_1.16.1/plugins/com.st.stm32cube.ide.mcu.externaltools.gnu-tools-for-stm32.12.3.rel1.linux64_1.0.200.202406132123/tools/bin/../lib/gcc/arm-none-eabi/12.3.1/../../../../arm-none-eabi/lib/thumb/v7e-m+fp/hard/libnosys.a
END GROUP
START GROUP
LOAD /opt/st/stm32cubeide_1.16.1/plugins/com.st.stm32cube.ide.mcu.externaltools.gnu-tools-for-stm32.12.3.rel1.linux64_1.0.200.202406132123/tools/bin/../lib/gcc/arm-none-eabi/12.3.1/thumb/v7e-m+fp/hard/libgcc.a
LOAD /opt/st/stm32cubeide_1.16.1/plugins/com.st.stm32cube.ide.mcu.externaltools.gnu-tools-for-stm32.12.3.rel1.linux64_1.0.200.202406132123/tools/bin/../lib/gcc/arm-none-eabi/12.3.1/../../../../arm-none-eabi/lib/thumb/v7e-m+fp/hard/libc_nano.a
LOAD /opt/st/stm32cubeide_1.16.1/plugins/com.st.stm32cube.ide.mcu.externaltools.gnu-tools-for-stm32.12.3.rel1.linux64_1.0.200.202406132123/tools/bin/../lib/gcc/arm-none-eabi/12.3.1/../../../../arm-none-eabi/lib/thumb/v7e-m+fp/hard/libnosys.a
END GROUP
LOAD /opt/st/stm32cubeide_1.16.1/plugins/com.st.stm32cube.ide.mcu.externaltools.gnu-tools-for-stm32.12.3.rel1.linux64_1.0.200.202406132123/tools/bin/../lib/gcc/arm-none-eabi/12.3.1/thumb/v7e-m+fp/hard/crtend.o
LOAD /opt/st/stm32cubeide_1.16.1/plugins/com.st.stm32cube.ide.mcu.externaltools.gnu-tools-for-stm32.12.3.rel1.linux64_1.0.200.202406132123/tools/bin/../lib/gcc/arm-none-eabi/12.3.1/thumb/v7e-m+fp/hard/crtn.o
                0x20040000                        _estack = (ORIGIN (RAM) + LENGTH (RAM))
                0x00000200                        _Min_Heap_Size = 0x200
                0x00000400                        _Min_Stack_Size = 0x400

.isr_vector     0x08000000      0x1e0
                0x08000000                        . = ALIGN (0x4)
 *(.isr_vector)
 .isr_vector    0x08000000      0x1e0 ./Core/Startup/startup_stm32f722retx.o
                0x08000000                g_pfnVectors
                0x080001e0                        . = ALIGN (0x4)

.text           0x080001e0    0x15240
                0x080001e0                        . = ALIGN (0x4)
 *(.text)
 .text          0x080001e0       0x40 /opt/st/stm32cubeide_1.16.1/plugins/com.st.stm32cube.ide.mcu.externaltools.gnu-tools-for-stm32.12.3.rel1.linux64_1.0.200.202406132123/tools/bin/../lib/gcc/arm-none-eabi/12.3.1/thumb/v7e-m+fp/hard/crtbegin.o
 .text          0x08000220       0x14 /opt/st/stm32cubeide_1.16.1/plugins/com.st.stm32cube.ide.mcu.externaltools.gnu-tools-for-stm32.12.3.rel1.linux64_1.0.200.202406132123/tools/bin/../lib/gcc/arm-none-eabi/12.3.1/../../../../arm-none-eabi/lib/thumb/v7e-m+fp/hard/libc_nano.a(libc_a-strcmp.o)
                0x08000220                strcmp
 *fill*         0x08000234        0xc 
 .text          0x08000240       0xa0 /opt/st/stm32cubeide_1.16.1/plugins/com.st.stm32cube.ide.mcu.externaltools.gnu-tools-for-stm32.12.3.rel1.linux64_1.0.200.202406132123/tools/bin/../lib/gcc/arm-none-eabi/12.3.1/../../../../arm-none-eabi/lib/thumb/v7e-m+fp/hard/libc_nano.a(libc_a-memchr.o)
                0x08000240                memchr
 .text          0x080002e0       0x10 /opt/st/stm32cubeide_1.16.1/plugins/com.st.stm32cube.ide.mcu.externaltools.gnu-tools-for-stm32.12.3.rel1.linux64_1.0.200.202406132123/tools/bin/../lib/gcc/arm-none-eabi/12.3.1/../../../../arm-none-eabi/lib/thumb/v7e-m+fp/hard/libc_nano.a(libc_a-strlen.o)
                0x080002e0                strlen
 .text          0x080002f0      0x378 /opt/st/stm32cubeide_1.16.1/plugins/com.st.stm32cube.ide.mcu.externaltools.gnu-tools-for-stm32.12.3.rel1.linux64_1.0.200.202406132123/tools/bin/../lib/gcc/arm-none-eabi/12.3.1/thumb/v7e-m+fp/hard/libgcc.a(_arm_addsubdf3.o)
                0x080002f0                __aeabi_drsub
                0x080002f8                __aeabi_dsub
                0x080002f8                __subdf3
                0x080002fc                __adddf3
                0x080002fc                __aeabi_dadd
                0x08000574                __aeabi_ui2d
                0x08000574                __floatunsidf
                0x08000594                __floatsidf
                0x08000594                __aeabi_i2d
                0x080005b8                __extendsfdf2
                0x080005b8                __aeabi_f2d
                0x080005fc                __aeabi_ul2d
                0x080005fc                __floatundidf
                0x0800060c                __floatdidf
                0x0800060c                __aeabi_l2d
 .text          0x08000668      0x424 /opt/st/stm32cubeide_1.16.1/plugins/com.st.stm32cube.ide.mcu.externaltools.gnu-tools-for-stm32.12.3.rel1.linux64_1.0.200.202406132123/tools/bin/../lib/gcc/arm-none-eabi/12.3.1/thumb/v7e-m+fp/hard/libgcc.a(_arm_muldivdf3.o)
                0x08000668                __aeabi_dmul
                0x08000668                __muldf3
                0x080008bc                __aeabi_ddiv
                0x080008bc                __divdf3
 .text          0x08000a8c      0x110 /opt/st/stm32cubeide_1.16.1/plugins/com.st.stm32cube.ide.mcu.externaltools.gnu-tools-for-stm32.12.3.rel1.linux64_1.0.200.202406132123/tools/bin/../lib/gcc/arm-none-eabi/12.3.1/thumb/v7e-m+fp/hard/libgcc.a(_arm_cmpdf2.o)
                0x08000a8c                __gtdf2
                0x08000a8c                __gedf2
                0x08000a94                __ltdf2
                0x08000a94                __ledf2
                0x08000a9c                __cmpdf2
                0x08000a9c                __eqdf2
                0x08000a9c                __nedf2
                0x08000b18                __aeabi_cdrcmple
                0x08000b28                __aeabi_cdcmple
                0x08000b28                __aeabi_cdcmpeq
                0x08000b38                __aeabi_dcmpeq
                0x08000b4c                __aeabi_dcmplt
                0x08000b60                __aeabi_dcmple
                0x08000b74                __aeabi_dcmpge
                0x08000b88                __aeabi_dcmpgt
 .text          0x08000b9c       0x2c /opt/st/stm32cubeide_1.16.1/plugins/com.st.stm32cube.ide.mcu.externaltools.gnu-tools-for-stm32.12.3.rel1.linux64_1.0.200.202406132123/tools/bin/../lib/gcc/arm-none-eabi/12.3.1/thumb/v7e-m+fp/hard/libgcc.a(_arm_unorddf2.o)
                0x08000b9c                __aeabi_dcmpun
                0x08000b9c                __unorddf2
 .text          0x08000bc8       0x50 /opt/st/stm32cubeide_1.16.1/plugins/com.st.stm32cube.ide.mcu.externaltools.gnu-tools-for-stm32.12.3.rel1.linux64_1.0.200.202406132123/tools/bin/../lib/gcc/arm-none-eabi/12.3.1/thumb/v7e-m+fp/hard/libgcc.a(_arm_fixdfsi.o)
                0x08000bc8                __fixdfsi
                0x08000bc8                __aeabi_d2iz
 .text          0x08000c18       0x40 /opt/st/stm32cubeide_1.16.1/plugins/com.st.stm32cube.ide.mcu.externaltools.gnu-tools-for-stm32.12.3.rel1.linux64_1.0.200.202406132123/tools/bin/../lib/gcc/arm-none-eabi/12.3.1/thumb/v7e-m+fp/hard/libgcc.a(_arm_fixunsdfsi.o)
                0x08000c18                __fixunsdfsi
                0x08000c18                __aeabi_d2uiz
 .text          0x08000c58       0xa0 /opt/st/stm32cubeide_1.16.1/plugins/com.st.stm32cube.ide.mcu.externaltools.gnu-tools-for-stm32.12.3.rel1.linux64_1.0.200.202406132123/tools/bin/../lib/gcc/arm-none-eabi/12.3.1/thumb/v7e-m+fp/hard/libgcc.a(_arm_truncdfsf2.o)
                0x08000c58                __aeabi_d2f
                0x08000c58                __truncdfsf2
 .text          0x08000cf8       0x30 /opt/st/stm32cubeide_1.16.1/plugins/com.st.stm32cube.ide.mcu.externaltools.gnu-tools-for-stm32.12.3.rel1.linux64_1.0.200.202406132123/tools/bin/../lib/gcc/arm-none-eabi/12.3.1/thumb/v7e-m+fp/hard/libgcc.a(_aeabi_uldivmod.o)
                0x08000cf8                __aeabi_uldivmod
 .text          0x08000d28       0x30 /opt/st/stm32cubeide_1.16.1/plugins/com.st.stm32cube.ide.mcu.externaltools.gnu-tools-for-stm32.12.3.rel1.linux64_1.0.200.202406132123/tools/bin/../lib/gcc/arm-none-eabi/12.3.1/thumb/v7e-m+fp/hard/libgcc.a(_fixdfdi.o)
                0x08000d28                __aeabi_d2lz
                0x08000d28                __fixdfdi
 .text          0x08000d58       0x3c /opt/st/stm32cubeide_1.16.1/plugins/com.st.stm32cube.ide.mcu.externaltools.gnu-tools-for-stm32.12.3.rel1.linux64_1.0.200.202406132123/tools/bin/../lib/gcc/arm-none-eabi/12.3.1/thumb/v7e-m+fp/hard/libgcc.a(_fixunsdfdi.o)
                0x08000d58                __aeabi_d2ulz
                0x08000d58                __fixunsdfdi
 .text          0x08000d94      0x2bc /opt/st/stm32cubeide_1.16.1/plugins/com.st.stm32cube.ide.mcu.externaltools.gnu-tools-for-stm32.12.3.rel1.linux64_1.0.200.202406132123/tools/bin/../lib/gcc/arm-none-eabi/12.3.1/thumb/v7e-m+fp/hard/libgcc.a(_udivmoddi4.o)
                0x08000d94                __udivmoddi4
 .text          0x08001050        0x4 /opt/st/stm32cubeide_1.16.1/plugins/com.st.stm32cube.ide.mcu.externaltools.gnu-tools-for-stm32.12.3.rel1.linux64_1.0.200.202406132123/tools/bin/../lib/gcc/arm-none-eabi/12.3.1/thumb/v7e-m+fp/hard/libgcc.a(_dvmd_tls.o)
                0x08001050                __aeabi_ldiv0
                0x08001050                __aeabi_idiv0
 *(.text*)
 .text.ICM_WriteReg
                0x08001054       0x68 ./Core/Src/icm4268.o
 .text.ICM_ReadRegs
                0x080010bc       0x90 ./Core/Src/icm4268.o
                0x080010bc                ICM_ReadRegs
 .text.ICM_Init
                0x0800114c       0xe8 ./Core/Src/icm4268.o
                0x0800114c                ICM_Init
 .text.ICM_ReadAccel_RAW
                0x08001234       0x6e ./Core/Src/icm4268.o
                0x08001234                ICM_ReadAccel_RAW
 .text.ICM_ReadGyro_RAW
                0x080012a2       0x6e ./Core/Src/icm4268.o
                0x080012a2                ICM_ReadGyro_RAW
 .text.normalizeQuaternion
                0x08001310       0xdc ./Core/Src/icm4268.o
                0x08001310                normalizeQuaternion
 .text.quaternionToEuler
                0x080013ec      0x174 ./Core/Src/icm4268.o
                0x080013ec                quaternionToEuler
 .text.MadgwickAHRSupdate
                0x08001560      0x5f0 ./Core/Src/icm4268.o
                0x08001560                MadgwickAHRSupdate
 .text.ICM_ReadAccel
                0x08001b50       0x6a ./Core/Src/icm4268.o
                0x08001b50                ICM_ReadAccel
 *fill*         0x08001bba        0x2 
 .text.ICM_ReadGyro
                0x08001bbc       0xa8 ./Core/Src/icm4268.o
                0x08001bbc                ICM_ReadGyro
 .text.ICM_UpdateEulerAngles
                0x08001c64       0x6e ./Core/Src/icm4268.o
                0x08001c64                ICM_UpdateEulerAngles
 *fill*         0x08001cd2        0x2 
 .text.ICM_GetEulerAngles
                0x08001cd4       0x40 ./Core/Src/icm4268.o
                0x08001cd4                ICM_GetEulerAngles
 .text.ICM_GetEulerAnglesDeg
                0x08001d14       0x50 ./Core/Src/icm4268.o
                0x08001d14                ICM_GetEulerAnglesDeg
 .text.ICM_ResetOrientation
                0x08001d64       0x58 ./Core/Src/icm4268.o
                0x08001d64                ICM_ResetOrientation
 .text.ICM_CalibrateGyro
                0x08001dbc      0x158 ./Core/Src/icm4268.o
                0x08001dbc                ICM_CalibrateGyro
 .text._write   0x08001f14       0x22 ./Core/Src/main.o
                0x08001f14                _write
 *fill*         0x08001f36        0x2 
 .text.SetMotorOutputs
                0x08001f38       0x54 ./Core/Src/main.o
                0x08001f38                SetMotorOutputs
 .text.ArmESCs  0x08001f8c       0x24 ./Core/Src/main.o
                0x08001f8c                ArmESCs
 .text.performLanding
                0x08001fb0       0xdc ./Core/Src/main.o
                0x08001fb0                performLanding
 .text.performTestCycle
                0x0800208c       0xd8 ./Core/Src/main.o
                0x0800208c                performTestCycle
 .text.performLQRStable
                0x08002164      0x638 ./Core/Src/main.o
                0x08002164                performLQRStable
 .text.handleDroneState
                0x0800279c      0x108 ./Core/Src/main.o
                0x0800279c                handleDroneState
 .text.main     0x080028a4      0x1ac ./Core/Src/main.o
                0x080028a4                main
 .text.SystemClock_Config
                0x08002a50       0xdc ./Core/Src/main.o
                0x08002a50                SystemClock_Config
 .text.MX_SPI1_Init
                0x08002b2c       0x7c ./Core/Src/main.o
 .text.MX_TIM2_Init
                0x08002ba8      0x104 ./Core/Src/main.o
 .text.MX_TIM3_Init
                0x08002cac       0xf0 ./Core/Src/main.o
 .text.MX_TIM4_Init
                0x08002d9c       0xf0 ./Core/Src/main.o
 .text.MX_USART3_UART_Init
                0x08002e8c       0x60 ./Core/Src/main.o
 .text.MX_DMA_Init
                0x08002eec       0x6c ./Core/Src/main.o
 .text.MX_GPIO_Init
                0x08002f58       0xdc ./Core/Src/main.o
 .text.ParseCommand
                0x08003034      0x934 ./Core/Src/main.o
                0x08003034                ParseCommand
 .text.HAL_GPIO_EXTI_Callback
                0x08003968       0x16 ./Core/Src/main.o
                0x08003968                HAL_GPIO_EXTI_Callback
 *fill*         0x0800397e        0x2 
 .text.HAL_UART_RxCpltCallback
                0x08003980       0x78 ./Core/Src/main.o
                0x08003980                HAL_UART_RxCpltCallback
 .text.USB_CDC_RxHandler
                0x080039f8       0x24 ./Core/Src/main.o
                0x080039f8                USB_CDC_RxHandler
 .text.MPU_Config
                0x08003a1c       0x58 ./Core/Src/main.o
 .text.Error_Handler
                0x08003a74        0xc ./Core/Src/main.o
                0x08003a74                Error_Handler
 .text.HAL_MspInit
                0x08003a80       0x48 ./Core/Src/stm32f7xx_hal_msp.o
                0x08003a80                HAL_MspInit
 .text.HAL_SPI_MspInit
                0x08003ac8       0x98 ./Core/Src/stm32f7xx_hal_msp.o
                0x08003ac8                HAL_SPI_MspInit
 .text.HAL_TIM_Base_MspInit
                0x08003b60      0x270 ./Core/Src/stm32f7xx_hal_msp.o
                0x08003b60                HAL_TIM_Base_MspInit
 .text.HAL_TIM_MspPostInit
                0x08003dd0      0x138 ./Core/Src/stm32f7xx_hal_msp.o
                0x08003dd0                HAL_TIM_MspPostInit
 .text.HAL_UART_MspInit
                0x08003f08       0xd0 ./Core/Src/stm32f7xx_hal_msp.o
                0x08003f08                HAL_UART_MspInit
 .text.NMI_Handler
                0x08003fd8        0x8 ./Core/Src/stm32f7xx_it.o
                0x08003fd8                NMI_Handler
 .text.HardFault_Handler
                0x08003fe0        0x8 ./Core/Src/stm32f7xx_it.o
                0x08003fe0                HardFault_Handler
 .text.MemManage_Handler
                0x08003fe8        0x8 ./Core/Src/stm32f7xx_it.o
                0x08003fe8                MemManage_Handler
 .text.BusFault_Handler
                0x08003ff0        0x8 ./Core/Src/stm32f7xx_it.o
                0x08003ff0                BusFault_Handler
 .text.UsageFault_Handler
                0x08003ff8        0x8 ./Core/Src/stm32f7xx_it.o
                0x08003ff8                UsageFault_Handler
 .text.SVC_Handler
                0x08004000        0xe ./Core/Src/stm32f7xx_it.o
                0x08004000                SVC_Handler
 .text.DebugMon_Handler
                0x0800400e        0xe ./Core/Src/stm32f7xx_it.o
                0x0800400e                DebugMon_Handler
 .text.PendSV_Handler
                0x0800401c        0xe ./Core/Src/stm32f7xx_it.o
                0x0800401c                PendSV_Handler
 .text.SysTick_Handler
                0x0800402a        0xc ./Core/Src/stm32f7xx_it.o
                0x0800402a                SysTick_Handler
 .text.EXTI4_IRQHandler
                0x08004036        0xe ./Core/Src/stm32f7xx_it.o
                0x08004036                EXTI4_IRQHandler
 .text.DMA1_Stream0_IRQHandler
                0x08004044       0x14 ./Core/Src/stm32f7xx_it.o
                0x08004044                DMA1_Stream0_IRQHandler
 .text.DMA1_Stream4_IRQHandler
                0x08004058       0x14 ./Core/Src/stm32f7xx_it.o
                0x08004058                DMA1_Stream4_IRQHandler
 .text.DMA1_Stream5_IRQHandler
                0x0800406c       0x14 ./Core/Src/stm32f7xx_it.o
                0x0800406c                DMA1_Stream5_IRQHandler
 .text.DMA1_Stream6_IRQHandler
                0x08004080       0x14 ./Core/Src/stm32f7xx_it.o
                0x08004080                DMA1_Stream6_IRQHandler
 .text.TIM2_IRQHandler
                0x08004094       0x14 ./Core/Src/stm32f7xx_it.o
                0x08004094                TIM2_IRQHandler
 .text.TIM3_IRQHandler
                0x080040a8       0x14 ./Core/Src/stm32f7xx_it.o
                0x080040a8                TIM3_IRQHandler
 .text.TIM4_IRQHandler
                0x080040bc       0x14 ./Core/Src/stm32f7xx_it.o
                0x080040bc                TIM4_IRQHandler
 .text.SPI1_IRQHandler
                0x080040d0       0x14 ./Core/Src/stm32f7xx_it.o
                0x080040d0                SPI1_IRQHandler
 .text.USART3_IRQHandler
                0x080040e4       0x14 ./Core/Src/stm32f7xx_it.o
                0x080040e4                USART3_IRQHandler
 .text.OTG_FS_IRQHandler
                0x080040f8       0x14 ./Core/Src/stm32f7xx_it.o
                0x080040f8                OTG_FS_IRQHandler
 .text._getpid  0x0800410c       0x10 ./Core/Src/syscalls.o
                0x0800410c                _getpid
 .text._kill    0x0800411c       0x20 ./Core/Src/syscalls.o
                0x0800411c                _kill
 .text._exit    0x0800413c       0x16 ./Core/Src/syscalls.o
                0x0800413c                _exit
 .text._read    0x08004152       0x3a ./Core/Src/syscalls.o
                0x08004152                _read
 .text._close   0x0800418c       0x18 ./Core/Src/syscalls.o
                0x0800418c                _close
 .text._fstat   0x080041a4       0x20 ./Core/Src/syscalls.o
                0x080041a4                _fstat
 .text._isatty  0x080041c4       0x16 ./Core/Src/syscalls.o
                0x080041c4                _isatty
 .text._lseek   0x080041da       0x1a ./Core/Src/syscalls.o
                0x080041da                _lseek
 .text._sbrk    0x080041f4       0x6c ./Core/Src/sysmem.o
                0x080041f4                _sbrk
 .text.SystemInit
                0x08004260       0x24 ./Core/Src/system_stm32f7xx.o
                0x08004260                SystemInit
 .text.Reset_Handler
                0x08004284       0x50 ./Core/Startup/startup_stm32f722retx.o
                0x08004284                Reset_Handler
 .text.Default_Handler
                0x080042d4        0x2 ./Core/Startup/startup_stm32f722retx.o
                0x080042d4                RTC_Alarm_IRQHandler
                0x080042d4                EXTI2_IRQHandler
                0x080042d4                TIM8_CC_IRQHandler
                0x080042d4                UART8_IRQHandler
                0x080042d4                SPI4_IRQHandler
                0x080042d4                TIM1_CC_IRQHandler
                0x080042d4                DMA2_Stream5_IRQHandler
                0x080042d4                PVD_IRQHandler
                0x080042d4                TAMP_STAMP_IRQHandler
                0x080042d4                EXTI3_IRQHandler
                0x080042d4                TIM8_TRG_COM_TIM14_IRQHandler
                0x080042d4                TIM1_UP_TIM10_IRQHandler
                0x080042d4                TIM8_UP_TIM13_IRQHandler
                0x080042d4                I2C3_ER_IRQHandler
                0x080042d4                EXTI0_IRQHandler
                0x080042d4                I2C2_EV_IRQHandler
                0x080042d4                DMA1_Stream2_IRQHandler
                0x080042d4                CAN1_RX0_IRQHandler
                0x080042d4                FPU_IRQHandler
                0x080042d4                OTG_HS_WKUP_IRQHandler
                0x080042d4                DMA2_Stream2_IRQHandler
                0x080042d4                TIM6_DAC_IRQHandler
                0x080042d4                TIM1_BRK_TIM9_IRQHandler
                0x080042d4                DMA2_Stream3_IRQHandler
                0x080042d4                SAI2_IRQHandler
                0x080042d4                USART6_IRQHandler
                0x080042d4                CAN1_RX1_IRQHandler
                0x080042d4                UART5_IRQHandler
                0x080042d4                DMA2_Stream0_IRQHandler
                0x080042d4                QUADSPI_IRQHandler
                0x080042d4                I2C1_EV_IRQHandler
                0x080042d4                DMA1_Stream1_IRQHandler
                0x080042d4                UART4_IRQHandler
                0x080042d4                RCC_IRQHandler
                0x080042d4                TIM8_BRK_TIM12_IRQHandler
                0x080042d4                Default_Handler
                0x080042d4                EXTI15_10_IRQHandler
                0x080042d4                ADC_IRQHandler
                0x080042d4                DMA1_Stream7_IRQHandler
                0x080042d4                SPI5_IRQHandler
                0x080042d4                TIM7_IRQHandler
                0x080042d4                SDMMC1_IRQHandler
                0x080042d4                TIM5_IRQHandler
                0x080042d4                DMA2_Stream7_IRQHandler
                0x080042d4                I2C3_EV_IRQHandler
                0x080042d4                EXTI9_5_IRQHandler
                0x080042d4                RTC_WKUP_IRQHandler
                0x080042d4                SPI2_IRQHandler
                0x080042d4                OTG_HS_EP1_IN_IRQHandler
                0x080042d4                CAN1_TX_IRQHandler
                0x080042d4                RNG_IRQHandler
                0x080042d4                OTG_HS_EP1_OUT_IRQHandler
                0x080042d4                WWDG_IRQHandler
                0x080042d4                OTG_FS_WKUP_IRQHandler
                0x080042d4                TIM1_TRG_COM_TIM11_IRQHandler
                0x080042d4                OTG_HS_IRQHandler
                0x080042d4                EXTI1_IRQHandler
                0x080042d4                SDMMC2_IRQHandler
                0x080042d4                UART7_IRQHandler
                0x080042d4                USART2_IRQHandler
                0x080042d4                I2C2_ER_IRQHandler
                0x080042d4                DMA2_Stream1_IRQHandler
                0x080042d4                CAN1_SCE_IRQHandler
                0x080042d4                FLASH_IRQHandler
                0x080042d4                DMA2_Stream4_IRQHandler
                0x080042d4                USART1_IRQHandler
                0x080042d4                SPI3_IRQHandler
                0x080042d4                I2C1_ER_IRQHandler
                0x080042d4                FMC_IRQHandler
                0x080042d4                LPTIM1_IRQHandler
                0x080042d4                DMA2_Stream6_IRQHandler
                0x080042d4                SAI1_IRQHandler
                0x080042d4                DMA1_Stream3_IRQHandler
 .text.HAL_Init
                0x080042d6       0x1a ./Drivers/STM32F7xx_HAL_Driver/Src/stm32f7xx_hal.o
                0x080042d6                HAL_Init
 .text.HAL_InitTick
                0x080042f0       0x60 ./Drivers/STM32F7xx_HAL_Driver/Src/stm32f7xx_hal.o
                0x080042f0                HAL_InitTick
 .text.HAL_IncTick
                0x08004350       0x28 ./Drivers/STM32F7xx_HAL_Driver/Src/stm32f7xx_hal.o
                0x08004350                HAL_IncTick
 .text.HAL_GetTick
                0x08004378       0x18 ./Drivers/STM32F7xx_HAL_Driver/Src/stm32f7xx_hal.o
                0x08004378                HAL_GetTick
 .text.HAL_Delay
                0x08004390       0x48 ./Drivers/STM32F7xx_HAL_Driver/Src/stm32f7xx_hal.o
                0x08004390                HAL_Delay
 .text.__NVIC_SetPriorityGrouping
                0x080043d8       0x48 ./Drivers/STM32F7xx_HAL_Driver/Src/stm32f7xx_hal_cortex.o
 .text.__NVIC_GetPriorityGrouping
                0x08004420       0x1c ./Drivers/STM32F7xx_HAL_Driver/Src/stm32f7xx_hal_cortex.o
 .text.__NVIC_EnableIRQ
                0x0800443c       0x3c ./Drivers/STM32F7xx_HAL_Driver/Src/stm32f7xx_hal_cortex.o
 .text.__NVIC_SetPriority
                0x08004478       0x54 ./Drivers/STM32F7xx_HAL_Driver/Src/stm32f7xx_hal_cortex.o
 .text.NVIC_EncodePriority
                0x080044cc       0x66 ./Drivers/STM32F7xx_HAL_Driver/Src/stm32f7xx_hal_cortex.o
 *fill*         0x08004532        0x2 
 .text.SysTick_Config
                0x08004534       0x44 ./Drivers/STM32F7xx_HAL_Driver/Src/stm32f7xx_hal_cortex.o
 .text.HAL_NVIC_SetPriorityGrouping
                0x08004578       0x16 ./Drivers/STM32F7xx_HAL_Driver/Src/stm32f7xx_hal_cortex.o
                0x08004578                HAL_NVIC_SetPriorityGrouping
 .text.HAL_NVIC_SetPriority
                0x0800458e       0x38 ./Drivers/STM32F7xx_HAL_Driver/Src/stm32f7xx_hal_cortex.o
                0x0800458e                HAL_NVIC_SetPriority
 .text.HAL_NVIC_EnableIRQ
                0x080045c6       0x1c ./Drivers/STM32F7xx_HAL_Driver/Src/stm32f7xx_hal_cortex.o
                0x080045c6                HAL_NVIC_EnableIRQ
 .text.HAL_SYSTICK_Config
                0x080045e2       0x18 ./Drivers/STM32F7xx_HAL_Driver/Src/stm32f7xx_hal_cortex.o
                0x080045e2                HAL_SYSTICK_Config
 *fill*         0x080045fa        0x2 
 .text.HAL_MPU_Disable
                0x080045fc       0x30 ./Drivers/STM32F7xx_HAL_Driver/Src/stm32f7xx_hal_cortex.o
                0x080045fc                HAL_MPU_Disable
 .text.HAL_MPU_Enable
                0x0800462c       0x40 ./Drivers/STM32F7xx_HAL_Driver/Src/stm32f7xx_hal_cortex.o
                0x0800462c                HAL_MPU_Enable
 .text.HAL_MPU_ConfigRegion
                0x0800466c       0x80 ./Drivers/STM32F7xx_HAL_Driver/Src/stm32f7xx_hal_cortex.o
                0x0800466c                HAL_MPU_ConfigRegion
 .text.HAL_DMA_Init
                0x080046ec      0x15c ./Drivers/STM32F7xx_HAL_Driver/Src/stm32f7xx_hal_dma.o
                0x080046ec                HAL_DMA_Init
 .text.HAL_DMA_Abort
                0x08004848       0xe0 ./Drivers/STM32F7xx_HAL_Driver/Src/stm32f7xx_hal_dma.o
                0x08004848                HAL_DMA_Abort
 .text.HAL_DMA_Abort_IT
                0x08004928       0x44 ./Drivers/STM32F7xx_HAL_Driver/Src/stm32f7xx_hal_dma.o
                0x08004928                HAL_DMA_Abort_IT
 .text.HAL_DMA_IRQHandler
                0x0800496c      0x314 ./Drivers/STM32F7xx_HAL_Driver/Src/stm32f7xx_hal_dma.o
                0x0800496c                HAL_DMA_IRQHandler
 .text.DMA_CalcBaseAndBitshift
                0x08004c80       0x6c ./Drivers/STM32F7xx_HAL_Driver/Src/stm32f7xx_hal_dma.o
 .text.DMA_CheckFifoParam
                0x08004cec       0xf8 ./Drivers/STM32F7xx_HAL_Driver/Src/stm32f7xx_hal_dma.o
 .text.HAL_GPIO_Init
                0x08004de4      0x338 ./Drivers/STM32F7xx_HAL_Driver/Src/stm32f7xx_hal_gpio.o
                0x08004de4                HAL_GPIO_Init
 .text.HAL_GPIO_WritePin
                0x0800511c       0x32 ./Drivers/STM32F7xx_HAL_Driver/Src/stm32f7xx_hal_gpio.o
                0x0800511c                HAL_GPIO_WritePin
 *fill*         0x0800514e        0x2 
 .text.HAL_GPIO_EXTI_IRQHandler
                0x08005150       0x30 ./Drivers/STM32F7xx_HAL_Driver/Src/stm32f7xx_hal_gpio.o
                0x08005150                HAL_GPIO_EXTI_IRQHandler
 .text.HAL_PCD_Init
                0x08005180      0x22c ./Drivers/STM32F7xx_HAL_Driver/Src/stm32f7xx_hal_pcd.o
                0x08005180                HAL_PCD_Init
 .text.HAL_PCD_Start
                0x080053ac       0x44 ./Drivers/STM32F7xx_HAL_Driver/Src/stm32f7xx_hal_pcd.o
                0x080053ac                HAL_PCD_Start
 .text.HAL_PCD_IRQHandler
                0x080053f0      0x99c ./Drivers/STM32F7xx_HAL_Driver/Src/stm32f7xx_hal_pcd.o
                0x080053f0                HAL_PCD_IRQHandler
 .text.HAL_PCD_SetAddress
                0x08005d8c       0x48 ./Drivers/STM32F7xx_HAL_Driver/Src/stm32f7xx_hal_pcd.o
                0x08005d8c                HAL_PCD_SetAddress
 .text.HAL_PCD_EP_Open
                0x08005dd4       0xd0 ./Drivers/STM32F7xx_HAL_Driver/Src/stm32f7xx_hal_pcd.o
                0x08005dd4                HAL_PCD_EP_Open
 .text.HAL_PCD_EP_Close
                0x08005ea4       0x94 ./Drivers/STM32F7xx_HAL_Driver/Src/stm32f7xx_hal_pcd.o
                0x08005ea4                HAL_PCD_EP_Close
 .text.HAL_PCD_EP_Receive
                0x08005f38       0x76 ./Drivers/STM32F7xx_HAL_Driver/Src/stm32f7xx_hal_pcd.o
                0x08005f38                HAL_PCD_EP_Receive
 .text.HAL_PCD_EP_GetRxCount
                0x08005fae       0x30 ./Drivers/STM32F7xx_HAL_Driver/Src/stm32f7xx_hal_pcd.o
                0x08005fae                HAL_PCD_EP_GetRxCount
 .text.HAL_PCD_EP_Transmit
                0x08005fde       0x74 ./Drivers/STM32F7xx_HAL_Driver/Src/stm32f7xx_hal_pcd.o
                0x08005fde                HAL_PCD_EP_Transmit
 .text.HAL_PCD_EP_SetStall
                0x08006052       0xc6 ./Drivers/STM32F7xx_HAL_Driver/Src/stm32f7xx_hal_pcd.o
                0x08006052                HAL_PCD_EP_SetStall
 .text.HAL_PCD_EP_ClrStall
                0x08006118       0xac ./Drivers/STM32F7xx_HAL_Driver/Src/stm32f7xx_hal_pcd.o
                0x08006118                HAL_PCD_EP_ClrStall
 .text.HAL_PCD_EP_Abort
                0x080061c4       0x62 ./Drivers/STM32F7xx_HAL_Driver/Src/stm32f7xx_hal_pcd.o
                0x080061c4                HAL_PCD_EP_Abort
 .text.PCD_WriteEmptyTxFifo
                0x08006226      0x118 ./Drivers/STM32F7xx_HAL_Driver/Src/stm32f7xx_hal_pcd.o
 *fill*         0x0800633e        0x2 
 .text.PCD_EP_OutXfrComplete_int
                0x08006340      0x1d0 ./Drivers/STM32F7xx_HAL_Driver/Src/stm32f7xx_hal_pcd.o
 .text.PCD_EP_OutSetupPacket_int
                0x08006510       0x8c ./Drivers/STM32F7xx_HAL_Driver/Src/stm32f7xx_hal_pcd.o
 .text.HAL_PCDEx_SetTxFiFo
                0x0800659c       0x8e ./Drivers/STM32F7xx_HAL_Driver/Src/stm32f7xx_hal_pcd_ex.o
                0x0800659c                HAL_PCDEx_SetTxFiFo
 .text.HAL_PCDEx_SetRxFiFo
                0x0800662a       0x22 ./Drivers/STM32F7xx_HAL_Driver/Src/stm32f7xx_hal_pcd_ex.o
                0x0800662a                HAL_PCDEx_SetRxFiFo
 .text.HAL_PCDEx_ActivateLPM
                0x0800664c       0x48 ./Drivers/STM32F7xx_HAL_Driver/Src/stm32f7xx_hal_pcd_ex.o
                0x0800664c                HAL_PCDEx_ActivateLPM
 .text.HAL_PWREx_EnableOverDrive
                0x08006694       0xa0 ./Drivers/STM32F7xx_HAL_Driver/Src/stm32f7xx_hal_pwr_ex.o
                0x08006694                HAL_PWREx_EnableOverDrive
 .text.HAL_RCC_OscConfig
                0x08006734      0x548 ./Drivers/STM32F7xx_HAL_Driver/Src/stm32f7xx_hal_rcc.o
                0x08006734                HAL_RCC_OscConfig
 .text.HAL_RCC_ClockConfig
                0x08006c7c      0x1d8 ./Drivers/STM32F7xx_HAL_Driver/Src/stm32f7xx_hal_rcc.o
                0x08006c7c                HAL_RCC_ClockConfig
 .text.HAL_RCC_GetSysClockFreq
                0x08006e54      0x20c ./Drivers/STM32F7xx_HAL_Driver/Src/stm32f7xx_hal_rcc.o
                0x08006e54                HAL_RCC_GetSysClockFreq
 .text.HAL_RCC_GetHCLKFreq
                0x08007060       0x18 ./Drivers/STM32F7xx_HAL_Driver/Src/stm32f7xx_hal_rcc.o
                0x08007060                HAL_RCC_GetHCLKFreq
 .text.HAL_RCC_GetPCLK1Freq
                0x08007078       0x28 ./Drivers/STM32F7xx_HAL_Driver/Src/stm32f7xx_hal_rcc.o
                0x08007078                HAL_RCC_GetPCLK1Freq
 .text.HAL_RCC_GetPCLK2Freq
                0x080070a0       0x28 ./Drivers/STM32F7xx_HAL_Driver/Src/stm32f7xx_hal_rcc.o
                0x080070a0                HAL_RCC_GetPCLK2Freq
 .text.HAL_RCCEx_PeriphCLKConfig
                0x080070c8      0x694 ./Drivers/STM32F7xx_HAL_Driver/Src/stm32f7xx_hal_rcc_ex.o
                0x080070c8                HAL_RCCEx_PeriphCLKConfig
 .text.HAL_SPI_Init
                0x0800775c      0x156 ./Drivers/STM32F7xx_HAL_Driver/Src/stm32f7xx_hal_spi.o
                0x0800775c                HAL_SPI_Init
 .text.HAL_SPI_Transmit
                0x080078b2      0x2ea ./Drivers/STM32F7xx_HAL_Driver/Src/stm32f7xx_hal_spi.o
                0x080078b2                HAL_SPI_Transmit
 .text.HAL_SPI_Receive
                0x08007b9c      0x26e ./Drivers/STM32F7xx_HAL_Driver/Src/stm32f7xx_hal_spi.o
                0x08007b9c                HAL_SPI_Receive
 .text.HAL_SPI_TransmitReceive
                0x08007e0a      0x444 ./Drivers/STM32F7xx_HAL_Driver/Src/stm32f7xx_hal_spi.o
                0x08007e0a                HAL_SPI_TransmitReceive
 *fill*         0x0800824e        0x2 
 .text.HAL_SPI_IRQHandler
                0x08008250      0x1e8 ./Drivers/STM32F7xx_HAL_Driver/Src/stm32f7xx_hal_spi.o
                0x08008250                HAL_SPI_IRQHandler
 .text.HAL_SPI_ErrorCallback
                0x08008438       0x14 ./Drivers/STM32F7xx_HAL_Driver/Src/stm32f7xx_hal_spi.o
                0x08008438                HAL_SPI_ErrorCallback
 .text.SPI_DMAAbortOnError
                0x0800844c       0x2a ./Drivers/STM32F7xx_HAL_Driver/Src/stm32f7xx_hal_spi.o
 *fill*         0x08008476        0x2 
 .text.SPI_WaitFlagStateUntilTimeout
                0x08008478      0x110 ./Drivers/STM32F7xx_HAL_Driver/Src/stm32f7xx_hal_spi.o
 .text.SPI_WaitFifoStateUntilTimeout
                0x08008588      0x12c ./Drivers/STM32F7xx_HAL_Driver/Src/stm32f7xx_hal_spi.o
 .text.SPI_EndRxTransaction
                0x080086b4       0xf8 ./Drivers/STM32F7xx_HAL_Driver/Src/stm32f7xx_hal_spi.o
 .text.SPI_EndRxTxTransaction
                0x080087ac       0xd4 ./Drivers/STM32F7xx_HAL_Driver/Src/stm32f7xx_hal_spi.o
 .text.HAL_TIM_Base_Init
                0x08008880       0xae ./Drivers/STM32F7xx_HAL_Driver/Src/stm32f7xx_hal_tim.o
                0x08008880                HAL_TIM_Base_Init
 .text.HAL_TIM_PWM_Init
                0x0800892e       0xae ./Drivers/STM32F7xx_HAL_Driver/Src/stm32f7xx_hal_tim.o
                0x0800892e                HAL_TIM_PWM_Init
 .text.HAL_TIM_PWM_MspInit
                0x080089dc       0x14 ./Drivers/STM32F7xx_HAL_Driver/Src/stm32f7xx_hal_tim.o
                0x080089dc                HAL_TIM_PWM_MspInit
 .text.HAL_TIM_PWM_Start
                0x080089f0      0x1f4 ./Drivers/STM32F7xx_HAL_Driver/Src/stm32f7xx_hal_tim.o
                0x080089f0                HAL_TIM_PWM_Start
 .text.HAL_TIM_IRQHandler
                0x08008be4      0x20e ./Drivers/STM32F7xx_HAL_Driver/Src/stm32f7xx_hal_tim.o
                0x08008be4                HAL_TIM_IRQHandler
 *fill*         0x08008df2        0x2 
 .text.HAL_TIM_PWM_ConfigChannel
                0x08008df4      0x228 ./Drivers/STM32F7xx_HAL_Driver/Src/stm32f7xx_hal_tim.o
                0x08008df4                HAL_TIM_PWM_ConfigChannel
 .text.HAL_TIM_ConfigClockSource
                0x0800901c      0x194 ./Drivers/STM32F7xx_HAL_Driver/Src/stm32f7xx_hal_tim.o
                0x0800901c                HAL_TIM_ConfigClockSource
 .text.HAL_TIM_PeriodElapsedCallback
                0x080091b0       0x14 ./Drivers/STM32F7xx_HAL_Driver/Src/stm32f7xx_hal_tim.o
                0x080091b0                HAL_TIM_PeriodElapsedCallback
 .text.HAL_TIM_OC_DelayElapsedCallback
                0x080091c4       0x14 ./Drivers/STM32F7xx_HAL_Driver/Src/stm32f7xx_hal_tim.o
                0x080091c4                HAL_TIM_OC_DelayElapsedCallback
 .text.HAL_TIM_IC_CaptureCallback
                0x080091d8       0x14 ./Drivers/STM32F7xx_HAL_Driver/Src/stm32f7xx_hal_tim.o
                0x080091d8                HAL_TIM_IC_CaptureCallback
 .text.HAL_TIM_PWM_PulseFinishedCallback
                0x080091ec       0x14 ./Drivers/STM32F7xx_HAL_Driver/Src/stm32f7xx_hal_tim.o
                0x080091ec                HAL_TIM_PWM_PulseFinishedCallback
 .text.HAL_TIM_TriggerCallback
                0x08009200       0x14 ./Drivers/STM32F7xx_HAL_Driver/Src/stm32f7xx_hal_tim.o
                0x08009200                HAL_TIM_TriggerCallback
 .text.TIM_Base_SetConfig
                0x08009214      0x158 ./Drivers/STM32F7xx_HAL_Driver/Src/stm32f7xx_hal_tim.o
                0x08009214                TIM_Base_SetConfig
 .text.TIM_OC1_SetConfig
                0x0800936c       0xe4 ./Drivers/STM32F7xx_HAL_Driver/Src/stm32f7xx_hal_tim.o
 .text.TIM_OC2_SetConfig
                0x08009450       0xf0 ./Drivers/STM32F7xx_HAL_Driver/Src/stm32f7xx_hal_tim.o
                0x08009450                TIM_OC2_SetConfig
 .text.TIM_OC3_SetConfig
                0x08009540       0xec ./Drivers/STM32F7xx_HAL_Driver/Src/stm32f7xx_hal_tim.o
 .text.TIM_OC4_SetConfig
                0x0800962c       0xb0 ./Drivers/STM32F7xx_HAL_Driver/Src/stm32f7xx_hal_tim.o
 .text.TIM_OC5_SetConfig
                0x080096dc       0xa4 ./Drivers/STM32F7xx_HAL_Driver/Src/stm32f7xx_hal_tim.o
 .text.TIM_OC6_SetConfig
                0x08009780       0xa8 ./Drivers/STM32F7xx_HAL_Driver/Src/stm32f7xx_hal_tim.o
 .text.TIM_TI1_ConfigInputStage
                0x08009828       0x5e ./Drivers/STM32F7xx_HAL_Driver/Src/stm32f7xx_hal_tim.o
 .text.TIM_TI2_ConfigInputStage
                0x08009886       0x60 ./Drivers/STM32F7xx_HAL_Driver/Src/stm32f7xx_hal_tim.o
 .text.TIM_ITRx_SetConfig
                0x080098e6       0x36 ./Drivers/STM32F7xx_HAL_Driver/Src/stm32f7xx_hal_tim.o
 .text.TIM_ETR_SetConfig
                0x0800991c       0x40 ./Drivers/STM32F7xx_HAL_Driver/Src/stm32f7xx_hal_tim.o
                0x0800991c                TIM_ETR_SetConfig
 .text.TIM_CCxChannelCmd
                0x0800995c       0x4a ./Drivers/STM32F7xx_HAL_Driver/Src/stm32f7xx_hal_tim.o
                0x0800995c                TIM_CCxChannelCmd
 *fill*         0x080099a6        0x2 
 .text.HAL_TIMEx_MasterConfigSynchronization
                0x080099a8      0x11c ./Drivers/STM32F7xx_HAL_Driver/Src/stm32f7xx_hal_tim_ex.o
                0x080099a8                HAL_TIMEx_MasterConfigSynchronization
 .text.HAL_TIMEx_CommutCallback
                0x08009ac4       0x14 ./Drivers/STM32F7xx_HAL_Driver/Src/stm32f7xx_hal_tim_ex.o
                0x08009ac4                HAL_TIMEx_CommutCallback
 .text.HAL_TIMEx_BreakCallback
                0x08009ad8       0x14 ./Drivers/STM32F7xx_HAL_Driver/Src/stm32f7xx_hal_tim_ex.o
                0x08009ad8                HAL_TIMEx_BreakCallback
 .text.HAL_TIMEx_Break2Callback
                0x08009aec       0x14 ./Drivers/STM32F7xx_HAL_Driver/Src/stm32f7xx_hal_tim_ex.o
                0x08009aec                HAL_TIMEx_Break2Callback
 .text.HAL_UART_Init
                0x08009b00       0x9c ./Drivers/STM32F7xx_HAL_Driver/Src/stm32f7xx_hal_uart.o
                0x08009b00                HAL_UART_Init
 .text.HAL_UART_Transmit
                0x08009b9c      0x112 ./Drivers/STM32F7xx_HAL_Driver/Src/stm32f7xx_hal_uart.o
                0x08009b9c                HAL_UART_Transmit
 .text.HAL_UART_Receive_IT
                0x08009cae       0x88 ./Drivers/STM32F7xx_HAL_Driver/Src/stm32f7xx_hal_uart.o
                0x08009cae                HAL_UART_Receive_IT
 *fill*         0x08009d36        0x2 
 .text.HAL_UART_IRQHandler
                0x08009d38      0x5a4 ./Drivers/STM32F7xx_HAL_Driver/Src/stm32f7xx_hal_uart.o
                0x08009d38                HAL_UART_IRQHandler
 .text.HAL_UART_TxCpltCallback
                0x0800a2dc       0x14 ./Drivers/STM32F7xx_HAL_Driver/Src/stm32f7xx_hal_uart.o
                0x0800a2dc                HAL_UART_TxCpltCallback
 .text.HAL_UART_ErrorCallback
                0x0800a2f0       0x14 ./Drivers/STM32F7xx_HAL_Driver/Src/stm32f7xx_hal_uart.o
                0x0800a2f0                HAL_UART_ErrorCallback
 .text.HAL_UARTEx_RxEventCallback
                0x0800a304       0x18 ./Drivers/STM32F7xx_HAL_Driver/Src/stm32f7xx_hal_uart.o
                0x0800a304                HAL_UARTEx_RxEventCallback
 .text.UART_SetConfig
                0x0800a31c      0x4c8 ./Drivers/STM32F7xx_HAL_Driver/Src/stm32f7xx_hal_uart.o
                0x0800a31c                UART_SetConfig
 .text.UART_AdvFeatureConfig
                0x0800a7e4      0x144 ./Drivers/STM32F7xx_HAL_Driver/Src/stm32f7xx_hal_uart.o
                0x0800a7e4                UART_AdvFeatureConfig
 .text.UART_CheckIdleState
                0x0800a928       0xae ./Drivers/STM32F7xx_HAL_Driver/Src/stm32f7xx_hal_uart.o
                0x0800a928                UART_CheckIdleState
 .text.UART_WaitOnFlagUntilTimeout
                0x0800a9d6       0xda ./Drivers/STM32F7xx_HAL_Driver/Src/stm32f7xx_hal_uart.o
                0x0800a9d6                UART_WaitOnFlagUntilTimeout
 .text.UART_Start_Receive_IT
                0x0800aab0      0x18c ./Drivers/STM32F7xx_HAL_Driver/Src/stm32f7xx_hal_uart.o
                0x0800aab0                UART_Start_Receive_IT
 .text.UART_EndRxTransfer
                0x0800ac3c       0xc8 ./Drivers/STM32F7xx_HAL_Driver/Src/stm32f7xx_hal_uart.o
 .text.UART_DMAAbortOnError
                0x0800ad04       0x2c ./Drivers/STM32F7xx_HAL_Driver/Src/stm32f7xx_hal_uart.o
 .text.UART_EndTransmit_IT
                0x0800ad30       0x54 ./Drivers/STM32F7xx_HAL_Driver/Src/stm32f7xx_hal_uart.o
 .text.UART_RxISR_8BIT
                0x0800ad84      0x1a8 ./Drivers/STM32F7xx_HAL_Driver/Src/stm32f7xx_hal_uart.o
 .text.UART_RxISR_16BIT
                0x0800af2c      0x1a8 ./Drivers/STM32F7xx_HAL_Driver/Src/stm32f7xx_hal_uart.o
 .text.USB_CoreInit
                0x0800b0d4      0x118 ./Drivers/STM32F7xx_HAL_Driver/Src/stm32f7xx_ll_usb.o
                0x0800b0d4                USB_CoreInit
 .text.USB_SetTurnaroundTime
                0x0800b1ec      0x144 ./Drivers/STM32F7xx_HAL_Driver/Src/stm32f7xx_ll_usb.o
                0x0800b1ec                USB_SetTurnaroundTime
 .text.USB_EnableGlobalInt
                0x0800b330       0x22 ./Drivers/STM32F7xx_HAL_Driver/Src/stm32f7xx_ll_usb.o
                0x0800b330                USB_EnableGlobalInt
 .text.USB_DisableGlobalInt
                0x0800b352       0x22 ./Drivers/STM32F7xx_HAL_Driver/Src/stm32f7xx_ll_usb.o
                0x0800b352                USB_DisableGlobalInt
 .text.USB_SetCurrentMode
                0x0800b374       0x98 ./Drivers/STM32F7xx_HAL_Driver/Src/stm32f7xx_ll_usb.o
                0x0800b374                USB_SetCurrentMode
 .text.USB_DevInit
                0x0800b40c      0x2e0 ./Drivers/STM32F7xx_HAL_Driver/Src/stm32f7xx_ll_usb.o
                0x0800b40c                USB_DevInit
 .text.USB_FlushTxFifo
                0x0800b6ec       0x64 ./Drivers/STM32F7xx_HAL_Driver/Src/stm32f7xx_ll_usb.o
                0x0800b6ec                USB_FlushTxFifo
 .text.USB_FlushRxFifo
                0x0800b750       0x5c ./Drivers/STM32F7xx_HAL_Driver/Src/stm32f7xx_ll_usb.o
                0x0800b750                USB_FlushRxFifo
 .text.USB_SetDevSpeed
                0x0800b7ac       0x32 ./Drivers/STM32F7xx_HAL_Driver/Src/stm32f7xx_ll_usb.o
                0x0800b7ac                USB_SetDevSpeed
 .text.USB_GetDevSpeed
                0x0800b7de       0x4a ./Drivers/STM32F7xx_HAL_Driver/Src/stm32f7xx_ll_usb.o
                0x0800b7de                USB_GetDevSpeed
 .text.USB_ActivateEndpoint
                0x0800b828      0x110 ./Drivers/STM32F7xx_HAL_Driver/Src/stm32f7xx_ll_usb.o
                0x0800b828                USB_ActivateEndpoint
 .text.USB_DeactivateEndpoint
                0x0800b938      0x1b8 ./Drivers/STM32F7xx_HAL_Driver/Src/stm32f7xx_ll_usb.o
                0x0800b938                USB_DeactivateEndpoint
 .text.USB_EPStartXfer
                0x0800baf0      0x540 ./Drivers/STM32F7xx_HAL_Driver/Src/stm32f7xx_ll_usb.o
                0x0800baf0                USB_EPStartXfer
 .text.USB_EPStopXfer
                0x0800c030      0x154 ./Drivers/STM32F7xx_HAL_Driver/Src/stm32f7xx_ll_usb.o
                0x0800c030                USB_EPStopXfer
 .text.USB_WritePacket
                0x0800c184       0x7c ./Drivers/STM32F7xx_HAL_Driver/Src/stm32f7xx_ll_usb.o
                0x0800c184                USB_WritePacket
 .text.USB_ReadPacket
                0x0800c200       0xb0 ./Drivers/STM32F7xx_HAL_Driver/Src/stm32f7xx_ll_usb.o
                0x0800c200                USB_ReadPacket
 .text.USB_EPSetStall
                0x0800c2b0       0xdc ./Drivers/STM32F7xx_HAL_Driver/Src/stm32f7xx_ll_usb.o
                0x0800c2b0                USB_EPSetStall
 .text.USB_EPClearStall
                0x0800c38c       0xcc ./Drivers/STM32F7xx_HAL_Driver/Src/stm32f7xx_ll_usb.o
                0x0800c38c                USB_EPClearStall
 .text.USB_SetDevAddress
                0x0800c458       0x4c ./Drivers/STM32F7xx_HAL_Driver/Src/stm32f7xx_ll_usb.o
                0x0800c458                USB_SetDevAddress
 .text.USB_DevConnect
                0x0800c4a4       0x42 ./Drivers/STM32F7xx_HAL_Driver/Src/stm32f7xx_ll_usb.o
                0x0800c4a4                USB_DevConnect
 .text.USB_DevDisconnect
                0x0800c4e6       0x42 ./Drivers/STM32F7xx_HAL_Driver/Src/stm32f7xx_ll_usb.o
                0x0800c4e6                USB_DevDisconnect
 .text.USB_ReadInterrupts
                0x0800c528       0x26 ./Drivers/STM32F7xx_HAL_Driver/Src/stm32f7xx_ll_usb.o
                0x0800c528                USB_ReadInterrupts
 .text.USB_ReadDevAllOutEpInterrupt
                0x0800c54e       0x34 ./Drivers/STM32F7xx_HAL_Driver/Src/stm32f7xx_ll_usb.o
                0x0800c54e                USB_ReadDevAllOutEpInterrupt
 .text.USB_ReadDevAllInEpInterrupt
                0x0800c582       0x34 ./Drivers/STM32F7xx_HAL_Driver/Src/stm32f7xx_ll_usb.o
                0x0800c582                USB_ReadDevAllInEpInterrupt
 .text.USB_ReadDevOutEPInterrupt
                0x0800c5b6       0x3c ./Drivers/STM32F7xx_HAL_Driver/Src/stm32f7xx_ll_usb.o
                0x0800c5b6                USB_ReadDevOutEPInterrupt
 .text.USB_ReadDevInEPInterrupt
                0x0800c5f2       0x5c ./Drivers/STM32F7xx_HAL_Driver/Src/stm32f7xx_ll_usb.o
                0x0800c5f2                USB_ReadDevInEPInterrupt
 .text.USB_GetMode
                0x0800c64e       0x1c ./Drivers/STM32F7xx_HAL_Driver/Src/stm32f7xx_ll_usb.o
                0x0800c64e                USB_GetMode
 *fill*         0x0800c66a        0x2 
 .text.USB_ActivateSetup
                0x0800c66c       0x48 ./Drivers/STM32F7xx_HAL_Driver/Src/stm32f7xx_ll_usb.o
                0x0800c66c                USB_ActivateSetup
 .text.USB_EP0_OutStart
                0x0800c6b4       0xbc ./Drivers/STM32F7xx_HAL_Driver/Src/stm32f7xx_ll_usb.o
                0x0800c6b4                USB_EP0_OutStart
 .text.USB_CoreReset
                0x0800c770       0x62 ./Drivers/STM32F7xx_HAL_Driver/Src/stm32f7xx_ll_usb.o
 *fill*         0x0800c7d2        0x2 
 .text.USBD_CDC_Init
                0x0800c7d4      0x1f0 ./Middlewares/ST/STM32_USB_Device_Library/Class/CDC/Src/usbd_cdc.o
 .text.USBD_CDC_DeInit
                0x0800c9c4      0x104 ./Middlewares/ST/STM32_USB_Device_Library/Class/CDC/Src/usbd_cdc.o
 .text.USBD_CDC_Setup
                0x0800cac8      0x1b8 ./Middlewares/ST/STM32_USB_Device_Library/Class/CDC/Src/usbd_cdc.o
 .text.USBD_CDC_DataIn
                0x0800cc80       0xfe ./Middlewares/ST/STM32_USB_Device_Library/Class/CDC/Src/usbd_cdc.o
 .text.USBD_CDC_DataOut
                0x0800cd7e       0x70 ./Middlewares/ST/STM32_USB_Device_Library/Class/CDC/Src/usbd_cdc.o
 .text.USBD_CDC_EP0_RxReady
                0x0800cdee       0x74 ./Middlewares/ST/STM32_USB_Device_Library/Class/CDC/Src/usbd_cdc.o
 *fill*         0x0800ce62        0x2 
 .text.USBD_CDC_GetFSCfgDesc
                0x0800ce64       0x70 ./Middlewares/ST/STM32_USB_Device_Library/Class/CDC/Src/usbd_cdc.o
 .text.USBD_CDC_GetHSCfgDesc
                0x0800ced4       0x70 ./Middlewares/ST/STM32_USB_Device_Library/Class/CDC/Src/usbd_cdc.o
 .text.USBD_CDC_GetOtherSpeedCfgDesc
                0x0800cf44       0x70 ./Middlewares/ST/STM32_USB_Device_Library/Class/CDC/Src/usbd_cdc.o
 .text.USBD_CDC_GetDeviceQualifierDescriptor
                0x0800cfb4       0x20 ./Middlewares/ST/STM32_USB_Device_Library/Class/CDC/Src/usbd_cdc.o
                0x0800cfb4                USBD_CDC_GetDeviceQualifierDescriptor
 .text.USBD_CDC_RegisterInterface
                0x0800cfd4       0x34 ./Middlewares/ST/STM32_USB_Device_Library/Class/CDC/Src/usbd_cdc.o
                0x0800cfd4                USBD_CDC_RegisterInterface
 .text.USBD_CDC_SetTxBuffer
                0x0800d008       0x44 ./Middlewares/ST/STM32_USB_Device_Library/Class/CDC/Src/usbd_cdc.o
                0x0800d008                USBD_CDC_SetTxBuffer
 .text.USBD_CDC_SetRxBuffer
                0x0800d04c       0x3a ./Middlewares/ST/STM32_USB_Device_Library/Class/CDC/Src/usbd_cdc.o
                0x0800d04c                USBD_CDC_SetRxBuffer
 *fill*         0x0800d086        0x2 
 .text.USBD_CDC_TransmitPacket
                0x0800d088       0x80 ./Middlewares/ST/STM32_USB_Device_Library/Class/CDC/Src/usbd_cdc.o
                0x0800d088                USBD_CDC_TransmitPacket
 .text.USBD_CDC_ReceivePacket
                0x0800d108       0x6c ./Middlewares/ST/STM32_USB_Device_Library/Class/CDC/Src/usbd_cdc.o
                0x0800d108                USBD_CDC_ReceivePacket
 .text.USBD_Init
                0x0800d174       0x60 ./Middlewares/ST/STM32_USB_Device_Library/Core/Src/usbd_core.o
                0x0800d174                USBD_Init
 .text.USBD_RegisterClass
                0x0800d1d4       0x6c ./Middlewares/ST/STM32_USB_Device_Library/Core/Src/usbd_core.o
                0x0800d1d4                USBD_RegisterClass
 .text.USBD_Start
                0x0800d240       0x18 ./Middlewares/ST/STM32_USB_Device_Library/Core/Src/usbd_core.o
                0x0800d240                USBD_Start
 .text.USBD_RunTestMode
                0x0800d258       0x16 ./Middlewares/ST/STM32_USB_Device_Library/Core/Src/usbd_core.o
                0x0800d258                USBD_RunTestMode
 .text.USBD_SetClassConfig
                0x0800d26e       0x38 ./Middlewares/ST/STM32_USB_Device_Library/Core/Src/usbd_core.o
                0x0800d26e                USBD_SetClassConfig
 .text.USBD_ClrClassConfig
                0x0800d2a6       0x34 ./Middlewares/ST/STM32_USB_Device_Library/Core/Src/usbd_core.o
                0x0800d2a6                USBD_ClrClassConfig
 .text.USBD_LL_SetupStage
                0x0800d2da       0xaa ./Middlewares/ST/STM32_USB_Device_Library/Core/Src/usbd_core.o
                0x0800d2da                USBD_LL_SetupStage
 .text.USBD_LL_DataOutStage
                0x0800d384      0x166 ./Middlewares/ST/STM32_USB_Device_Library/Core/Src/usbd_core.o
                0x0800d384                USBD_LL_DataOutStage
 .text.USBD_LL_DataInStage
                0x0800d4ea      0x164 ./Middlewares/ST/STM32_USB_Device_Library/Core/Src/usbd_core.o
                0x0800d4ea                USBD_LL_DataInStage
 .text.USBD_LL_Reset
                0x0800d64e       0xa4 ./Middlewares/ST/STM32_USB_Device_Library/Core/Src/usbd_core.o
                0x0800d64e                USBD_LL_Reset
 .text.USBD_LL_SetSpeed
                0x0800d6f2       0x20 ./Middlewares/ST/STM32_USB_Device_Library/Core/Src/usbd_core.o
                0x0800d6f2                USBD_LL_SetSpeed
 .text.USBD_LL_Suspend
                0x0800d712       0x38 ./Middlewares/ST/STM32_USB_Device_Library/Core/Src/usbd_core.o
                0x0800d712                USBD_LL_Suspend
 .text.USBD_LL_Resume
                0x0800d74a       0x30 ./Middlewares/ST/STM32_USB_Device_Library/Core/Src/usbd_core.o
                0x0800d74a                USBD_LL_Resume
 .text.USBD_LL_SOF
                0x0800d77a       0x40 ./Middlewares/ST/STM32_USB_Device_Library/Core/Src/usbd_core.o
                0x0800d77a                USBD_LL_SOF
 .text.USBD_LL_IsoINIncomplete
                0x0800d7ba       0x64 ./Middlewares/ST/STM32_USB_Device_Library/Core/Src/usbd_core.o
                0x0800d7ba                USBD_LL_IsoINIncomplete
 .text.USBD_LL_IsoOUTIncomplete
                0x0800d81e       0x64 ./Middlewares/ST/STM32_USB_Device_Library/Core/Src/usbd_core.o
                0x0800d81e                USBD_LL_IsoOUTIncomplete
 .text.USBD_LL_DevConnected
                0x0800d882       0x16 ./Middlewares/ST/STM32_USB_Device_Library/Core/Src/usbd_core.o
                0x0800d882                USBD_LL_DevConnected
 .text.USBD_LL_DevDisconnected
                0x0800d898       0x46 ./Middlewares/ST/STM32_USB_Device_Library/Core/Src/usbd_core.o
                0x0800d898                USBD_LL_DevDisconnected
 .text.USBD_CoreFindIF
                0x0800d8de       0x1a ./Middlewares/ST/STM32_USB_Device_Library/Core/Src/usbd_core.o
                0x0800d8de                USBD_CoreFindIF
 .text.USBD_CoreFindEP
                0x0800d8f8       0x1a ./Middlewares/ST/STM32_USB_Device_Library/Core/Src/usbd_core.o
                0x0800d8f8                USBD_CoreFindEP
 .text.USBD_GetEpDesc
                0x0800d912       0x70 ./Middlewares/ST/STM32_USB_Device_Library/Core/Src/usbd_core.o
                0x0800d912                USBD_GetEpDesc
 .text.USBD_GetNextDesc
                0x0800d982       0x38 ./Middlewares/ST/STM32_USB_Device_Library/Core/Src/usbd_core.o
                0x0800d982                USBD_GetNextDesc
 .text.SWAPBYTE
                0x0800d9ba       0x3c ./Middlewares/ST/STM32_USB_Device_Library/Core/Src/usbd_ctlreq.o
 *fill*         0x0800d9f6        0x2 
 .text.USBD_StdDevReq
                0x0800d9f8       0xe4 ./Middlewares/ST/STM32_USB_Device_Library/Core/Src/usbd_ctlreq.o
                0x0800d9f8                USBD_StdDevReq
 .text.USBD_StdItfReq
                0x0800dadc       0xd8 ./Middlewares/ST/STM32_USB_Device_Library/Core/Src/usbd_ctlreq.o
                0x0800dadc                USBD_StdItfReq
 .text.USBD_StdEPReq
                0x0800dbb4      0x33a ./Middlewares/ST/STM32_USB_Device_Library/Core/Src/usbd_ctlreq.o
                0x0800dbb4                USBD_StdEPReq
 *fill*         0x0800deee        0x2 
 .text.USBD_GetDescriptor
                0x0800def0      0x328 ./Middlewares/ST/STM32_USB_Device_Library/Core/Src/usbd_ctlreq.o
 .text.USBD_SetAddress
                0x0800e218       0x88 ./Middlewares/ST/STM32_USB_Device_Library/Core/Src/usbd_ctlreq.o
 .text.USBD_SetConfig
                0x0800e2a0      0x154 ./Middlewares/ST/STM32_USB_Device_Library/Core/Src/usbd_ctlreq.o
 .text.USBD_GetConfig
                0x0800e3f4       0x6c ./Middlewares/ST/STM32_USB_Device_Library/Core/Src/usbd_ctlreq.o
 .text.USBD_GetStatus
                0x0800e460       0x68 ./Middlewares/ST/STM32_USB_Device_Library/Core/Src/usbd_ctlreq.o
 .text.USBD_SetFeature
                0x0800e4c8       0x52 ./Middlewares/ST/STM32_USB_Device_Library/Core/Src/usbd_ctlreq.o
 .text.USBD_ClrFeature
                0x0800e51a       0x44 ./Middlewares/ST/STM32_USB_Device_Library/Core/Src/usbd_ctlreq.o
 .text.USBD_ParseSetupRequest
                0x0800e55e       0x74 ./Middlewares/ST/STM32_USB_Device_Library/Core/Src/usbd_ctlreq.o
                0x0800e55e                USBD_ParseSetupRequest
 .text.USBD_CtlError
                0x0800e5d2       0x22 ./Middlewares/ST/STM32_USB_Device_Library/Core/Src/usbd_ctlreq.o
                0x0800e5d2                USBD_CtlError
 .text.USBD_GetString
                0x0800e5f4       0xa4 ./Middlewares/ST/STM32_USB_Device_Library/Core/Src/usbd_ctlreq.o
                0x0800e5f4                USBD_GetString
 .text.USBD_GetLen
                0x0800e698       0x34 ./Middlewares/ST/STM32_USB_Device_Library/Core/Src/usbd_ctlreq.o
 .text.USBD_CtlSendData
                0x0800e6cc       0x36 ./Middlewares/ST/STM32_USB_Device_Library/Core/Src/usbd_ioreq.o
                0x0800e6cc                USBD_CtlSendData
 .text.USBD_CtlContinueSendData
                0x0800e702       0x22 ./Middlewares/ST/STM32_USB_Device_Library/Core/Src/usbd_ioreq.o
                0x0800e702                USBD_CtlContinueSendData
 .text.USBD_CtlPrepareRx
                0x0800e724       0x3a ./Middlewares/ST/STM32_USB_Device_Library/Core/Src/usbd_ioreq.o
                0x0800e724                USBD_CtlPrepareRx
 .text.USBD_CtlContinueRx
                0x0800e75e       0x22 ./Middlewares/ST/STM32_USB_Device_Library/Core/Src/usbd_ioreq.o
                0x0800e75e                USBD_CtlContinueRx
 .text.USBD_CtlSendStatus
                0x0800e780       0x26 ./Middlewares/ST/STM32_USB_Device_Library/Core/Src/usbd_ioreq.o
                0x0800e780                USBD_CtlSendStatus
 .text.USBD_CtlReceiveStatus
                0x0800e7a6       0x26 ./Middlewares/ST/STM32_USB_Device_Library/Core/Src/usbd_ioreq.o
                0x0800e7a6                USBD_CtlReceiveStatus
 .text.MX_USB_DEVICE_Init
                0x0800e7cc       0x60 ./USB_DEVICE/App/usb_device.o
                0x0800e7cc                MX_USB_DEVICE_Init
 .text.CDC_Init_FS
                0x0800e82c       0x28 ./USB_DEVICE/App/usbd_cdc_if.o
 .text.CDC_DeInit_FS
                0x0800e854       0x10 ./USB_DEVICE/App/usbd_cdc_if.o
 .text.CDC_Control_FS
                0x0800e864       0xbc ./USB_DEVICE/App/usbd_cdc_if.o
 .text.CDC_Receive_FS
                0x0800e920       0x44 ./USB_DEVICE/App/usbd_cdc_if.o
 .text.CDC_Transmit_FS
                0x0800e964       0x4c ./USB_DEVICE/App/usbd_cdc_if.o
                0x0800e964                CDC_Transmit_FS
 .text.CDC_TransmitCplt_FS
                0x0800e9b0       0x22 ./USB_DEVICE/App/usbd_cdc_if.o
 *fill*         0x0800e9d2        0x2 
 .text.USBD_FS_DeviceDescriptor
                0x0800e9d4       0x24 ./USB_DEVICE/App/usbd_desc.o
                0x0800e9d4                USBD_FS_DeviceDescriptor
 .text.USBD_FS_LangIDStrDescriptor
                0x0800e9f8       0x24 ./USB_DEVICE/App/usbd_desc.o
                0x0800e9f8                USBD_FS_LangIDStrDescriptor
 .text.USBD_FS_ProductStrDescriptor
                0x0800ea1c       0x3c ./USB_DEVICE/App/usbd_desc.o
                0x0800ea1c                USBD_FS_ProductStrDescriptor
 .text.USBD_FS_ManufacturerStrDescriptor
                0x0800ea58       0x28 ./USB_DEVICE/App/usbd_desc.o
                0x0800ea58                USBD_FS_ManufacturerStrDescriptor
 .text.USBD_FS_SerialStrDescriptor
                0x0800ea80       0x24 ./USB_DEVICE/App/usbd_desc.o
                0x0800ea80                USBD_FS_SerialStrDescriptor
 .text.USBD_FS_ConfigStrDescriptor
                0x0800eaa4       0x3c ./USB_DEVICE/App/usbd_desc.o
                0x0800eaa4                USBD_FS_ConfigStrDescriptor
 .text.USBD_FS_InterfaceStrDescriptor
                0x0800eae0       0x3c ./USB_DEVICE/App/usbd_desc.o
                0x0800eae0                USBD_FS_InterfaceStrDescriptor
 .text.USBD_FS_USR_BOSDescriptor
                0x0800eb1c       0x24 ./USB_DEVICE/App/usbd_desc.o
                0x0800eb1c                USBD_FS_USR_BOSDescriptor
 .text.Get_SerialNum
                0x0800eb40       0x58 ./USB_DEVICE/App/usbd_desc.o
 .text.IntToUnicode
                0x0800eb98       0x7e ./USB_DEVICE/App/usbd_desc.o
 *fill*         0x0800ec16        0x2 
 .text.HAL_PCD_MspInit
                0x0800ec18       0xe4 ./USB_DEVICE/Target/usbd_conf.o
                0x0800ec18                HAL_PCD_MspInit
 .text.HAL_PCD_SetupStageCallback
                0x0800ecfc       0x24 ./USB_DEVICE/Target/usbd_conf.o
                0x0800ecfc                HAL_PCD_SetupStageCallback
 .text.HAL_PCD_DataOutStageCallback
                0x0800ed20       0x36 ./USB_DEVICE/Target/usbd_conf.o
                0x0800ed20                HAL_PCD_DataOutStageCallback
 .text.HAL_PCD_DataInStageCallback
                0x0800ed56       0x34 ./USB_DEVICE/Target/usbd_conf.o
                0x0800ed56                HAL_PCD_DataInStageCallback
 .text.HAL_PCD_SOFCallback
                0x0800ed8a       0x1c ./USB_DEVICE/Target/usbd_conf.o
                0x0800ed8a                HAL_PCD_SOFCallback
 .text.HAL_PCD_ResetCallback
                0x0800eda6       0x50 ./USB_DEVICE/Target/usbd_conf.o
                0x0800eda6                HAL_PCD_ResetCallback
 *fill*         0x0800edf6        0x2 
 .text.HAL_PCD_SuspendCallback
                0x0800edf8       0x4c ./USB_DEVICE/Target/usbd_conf.o
                0x0800edf8                HAL_PCD_SuspendCallback
 .text.HAL_PCD_ResumeCallback
                0x0800ee44       0x1c ./USB_DEVICE/Target/usbd_conf.o
                0x0800ee44                HAL_PCD_ResumeCallback
 .text.HAL_PCD_ISOOUTIncompleteCallback
                0x0800ee60       0x24 ./USB_DEVICE/Target/usbd_conf.o
                0x0800ee60                HAL_PCD_ISOOUTIncompleteCallback
 .text.HAL_PCD_ISOINIncompleteCallback
                0x0800ee84       0x24 ./USB_DEVICE/Target/usbd_conf.o
                0x0800ee84                HAL_PCD_ISOINIncompleteCallback
 .text.HAL_PCD_ConnectCallback
                0x0800eea8       0x1c ./USB_DEVICE/Target/usbd_conf.o
                0x0800eea8                HAL_PCD_ConnectCallback
 .text.HAL_PCD_DisconnectCallback
                0x0800eec4       0x1c ./USB_DEVICE/Target/usbd_conf.o
                0x0800eec4                HAL_PCD_DisconnectCallback
 .text.USBD_LL_Init
                0x0800eee0       0xa0 ./USB_DEVICE/Target/usbd_conf.o
                0x0800eee0                USBD_LL_Init
 .text.USBD_LL_Start
                0x0800ef80       0x36 ./USB_DEVICE/Target/usbd_conf.o
                0x0800ef80                USBD_LL_Start
 .text.USBD_LL_OpenEP
                0x0800efb6       0x4c ./USB_DEVICE/Target/usbd_conf.o
                0x0800efb6                USBD_LL_OpenEP
 .text.USBD_LL_CloseEP
                0x0800f002       0x3e ./USB_DEVICE/Target/usbd_conf.o
                0x0800f002                USBD_LL_CloseEP
 .text.USBD_LL_StallEP
                0x0800f040       0x3e ./USB_DEVICE/Target/usbd_conf.o
                0x0800f040                USBD_LL_StallEP
 .text.USBD_LL_ClearStallEP
                0x0800f07e       0x3e ./USB_DEVICE/Target/usbd_conf.o
                0x0800f07e                USBD_LL_ClearStallEP
 .text.USBD_LL_IsStallEP
                0x0800f0bc       0x58 ./USB_DEVICE/Target/usbd_conf.o
                0x0800f0bc                USBD_LL_IsStallEP
 .text.USBD_LL_SetUSBAddress
                0x0800f114       0x3e ./USB_DEVICE/Target/usbd_conf.o
                0x0800f114                USBD_LL_SetUSBAddress
 .text.USBD_LL_Transmit
                0x0800f152       0x42 ./USB_DEVICE/Target/usbd_conf.o
                0x0800f152                USBD_LL_Transmit
 .text.USBD_LL_PrepareReceive
                0x0800f194       0x42 ./USB_DEVICE/Target/usbd_conf.o
                0x0800f194                USBD_LL_PrepareReceive
 .text.USBD_LL_GetRxDataSize
                0x0800f1d6       0x26 ./USB_DEVICE/Target/usbd_conf.o
                0x0800f1d6                USBD_LL_GetRxDataSize
 .text.HAL_PCDEx_LPM_Callback
                0x0800f1fc       0x9c ./USB_DEVICE/Target/usbd_conf.o
                0x0800f1fc                HAL_PCDEx_LPM_Callback
 .text.SystemClockConfig_Resume
                0x0800f298        0xc ./USB_DEVICE/Target/usbd_conf.o
 .text.USBD_Get_USB_Status
                0x0800f2a4       0x58 ./USB_DEVICE/Target/usbd_conf.o
                0x0800f2a4                USBD_Get_USB_Status
 .text.malloc   0x0800f2fc       0x10 /opt/st/stm32cubeide_1.16.1/plugins/com.st.stm32cube.ide.mcu.externaltools.gnu-tools-for-stm32.12.3.rel1.linux64_1.0.200.202406132123/tools/bin/../lib/gcc/arm-none-eabi/12.3.1/../../../../arm-none-eabi/lib/thumb/v7e-m+fp/hard/libc_nano.a(libc_a-malloc.o)
                0x0800f2fc                malloc
 .text.free     0x0800f30c       0x10 /opt/st/stm32cubeide_1.16.1/plugins/com.st.stm32cube.ide.mcu.externaltools.gnu-tools-for-stm32.12.3.rel1.linux64_1.0.200.202406132123/tools/bin/../lib/gcc/arm-none-eabi/12.3.1/../../../../arm-none-eabi/lib/thumb/v7e-m+fp/hard/libc_nano.a(libc_a-malloc.o)
                0x0800f30c                free
 .text.sbrk_aligned
                0x0800f31c       0x44 /opt/st/stm32cubeide_1.16.1/plugins/com.st.stm32cube.ide.mcu.externaltools.gnu-tools-for-stm32.12.3.rel1.linux64_1.0.200.202406132123/tools/bin/../lib/gcc/arm-none-eabi/12.3.1/../../../../arm-none-eabi/lib/thumb/v7e-m+fp/hard/libc_nano.a(libc_a-mallocr.o)
 .text._malloc_r
                0x0800f360      0x100 /opt/st/stm32cubeide_1.16.1/plugins/com.st.stm32cube.ide.mcu.externaltools.gnu-tools-for-stm32.12.3.rel1.linux64_1.0.200.202406132123/tools/bin/../lib/gcc/arm-none-eabi/12.3.1/../../../../arm-none-eabi/lib/thumb/v7e-m+fp/hard/libc_nano.a(libc_a-mallocr.o)
                0x0800f360                _malloc_r
 .text.__malloc_lock
                0x0800f460        0xc /opt/st/stm32cubeide_1.16.1/plugins/com.st.stm32cube.ide.mcu.externaltools.gnu-tools-for-stm32.12.3.rel1.linux64_1.0.200.202406132123/tools/bin/../lib/gcc/arm-none-eabi/12.3.1/../../../../arm-none-eabi/lib/thumb/v7e-m+fp/hard/libc_nano.a(libc_a-mlock.o)
                0x0800f460                __malloc_lock
 .text.__malloc_unlock
                0x0800f46c        0xc /opt/st/stm32cubeide_1.16.1/plugins/com.st.stm32cube.ide.mcu.externaltools.gnu-tools-for-stm32.12.3.rel1.linux64_1.0.200.202406132123/tools/bin/../lib/gcc/arm-none-eabi/12.3.1/../../../../arm-none-eabi/lib/thumb/v7e-m+fp/hard/libc_nano.a(libc_a-mlock.o)
                0x0800f46c                __malloc_unlock
 .text.__cvt    0x0800f478       0xca /opt/st/stm32cubeide_1.16.1/plugins/com.st.stm32cube.ide.mcu.externaltools.gnu-tools-for-stm32.12.3.rel1.linux64_1.0.200.202406132123/tools/bin/../lib/gcc/arm-none-eabi/12.3.1/../../../../arm-none-eabi/lib/thumb/v7e-m+fp/hard/libc_nano.a(libc_a-nano-vfprintf_float.o)
                0x0800f478                __cvt
 .text.__exponent
                0x0800f542       0x74 /opt/st/stm32cubeide_1.16.1/plugins/com.st.stm32cube.ide.mcu.externaltools.gnu-tools-for-stm32.12.3.rel1.linux64_1.0.200.202406132123/tools/bin/../lib/gcc/arm-none-eabi/12.3.1/../../../../arm-none-eabi/lib/thumb/v7e-m+fp/hard/libc_nano.a(libc_a-nano-vfprintf_float.o)
                0x0800f542                __exponent
 *fill*         0x0800f5b6        0x2 
 .text._printf_float
                0x0800f5b8      0x454 /opt/st/stm32cubeide_1.16.1/plugins/com.st.stm32cube.ide.mcu.externaltools.gnu-tools-for-stm32.12.3.rel1.linux64_1.0.200.202406132123/tools/bin/../lib/gcc/arm-none-eabi/12.3.1/../../../../arm-none-eabi/lib/thumb/v7e-m+fp/hard/libc_nano.a(libc_a-nano-vfprintf_float.o)
                0x0800f5b8                _printf_float
 .text._printf_common
                0x0800fa0c       0xda /opt/st/stm32cubeide_1.16.1/plugins/com.st.stm32cube.ide.mcu.externaltools.gnu-tools-for-stm32.12.3.rel1.linux64_1.0.200.202406132123/tools/bin/../lib/gcc/arm-none-eabi/12.3.1/../../../../arm-none-eabi/lib/thumb/v7e-m+fp/hard/libc_nano.a(libc_a-nano-vfprintf_i.o)
                0x0800fa0c                _printf_common
 *fill*         0x0800fae6        0x2 
 .text._printf_i
                0x0800fae8      0x240 /opt/st/stm32cubeide_1.16.1/plugins/com.st.stm32cube.ide.mcu.externaltools.gnu-tools-for-stm32.12.3.rel1.linux64_1.0.200.202406132123/tools/bin/../lib/gcc/arm-none-eabi/12.3.1/../../../../arm-none-eabi/lib/thumb/v7e-m+fp/hard/libc_nano.a(libc_a-nano-vfprintf_i.o)
                0x0800fae8                _printf_i
 .text._scanf_float
                0x0800fd28      0x428 /opt/st/stm32cubeide_1.16.1/plugins/com.st.stm32cube.ide.mcu.externaltools.gnu-tools-for-stm32.12.3.rel1.linux64_1.0.200.202406132123/tools/bin/../lib/gcc/arm-none-eabi/12.3.1/../../../../arm-none-eabi/lib/thumb/v7e-m+fp/hard/libc_nano.a(libc_a-nano-vfscanf_float.o)
                0x0800fd28                _scanf_float
 .text.std      0x08010150       0x6c /opt/st/stm32cubeide_1.16.1/plugins/com.st.stm32cube.ide.mcu.externaltools.gnu-tools-for-stm32.12.3.rel1.linux64_1.0.200.202406132123/tools/bin/../lib/gcc/arm-none-eabi/12.3.1/../../../../arm-none-eabi/lib/thumb/v7e-m+fp/hard/libc_nano.a(libc_a-findfp.o)
 .text.stdio_exit_handler
                0x080101bc       0x18 /opt/st/stm32cubeide_1.16.1/plugins/com.st.stm32cube.ide.mcu.externaltools.gnu-tools-for-stm32.12.3.rel1.linux64_1.0.200.202406132123/tools/bin/../lib/gcc/arm-none-eabi/12.3.1/../../../../arm-none-eabi/lib/thumb/v7e-m+fp/hard/libc_nano.a(libc_a-findfp.o)
 .text.cleanup_stdio
                0x080101d4       0x40 /opt/st/stm32cubeide_1.16.1/plugins/com.st.stm32cube.ide.mcu.externaltools.gnu-tools-for-stm32.12.3.rel1.linux64_1.0.200.202406132123/tools/bin/../lib/gcc/arm-none-eabi/12.3.1/../../../../arm-none-eabi/lib/thumb/v7e-m+fp/hard/libc_nano.a(libc_a-findfp.o)
 .text.global_stdio_init.part.0
                0x08010214       0x3c /opt/st/stm32cubeide_1.16.1/plugins/com.st.stm32cube.ide.mcu.externaltools.gnu-tools-for-stm32.12.3.rel1.linux64_1.0.200.202406132123/tools/bin/../lib/gcc/arm-none-eabi/12.3.1/../../../../arm-none-eabi/lib/thumb/v7e-m+fp/hard/libc_nano.a(libc_a-findfp.o)
 .text.__sfp_lock_acquire
                0x08010250        0xc /opt/st/stm32cubeide_1.16.1/plugins/com.st.stm32cube.ide.mcu.externaltools.gnu-tools-for-stm32.12.3.rel1.linux64_1.0.200.202406132123/tools/bin/../lib/gcc/arm-none-eabi/12.3.1/../../../../arm-none-eabi/lib/thumb/v7e-m+fp/hard/libc_nano.a(libc_a-findfp.o)
                0x08010250                __sfp_lock_acquire
 .text.__sfp_lock_release
                0x0801025c        0xc /opt/st/stm32cubeide_1.16.1/plugins/com.st.stm32cube.ide.mcu.externaltools.gnu-tools-for-stm32.12.3.rel1.linux64_1.0.200.202406132123/tools/bin/../lib/gcc/arm-none-eabi/12.3.1/../../../../arm-none-eabi/lib/thumb/v7e-m+fp/hard/libc_nano.a(libc_a-findfp.o)
                0x0801025c                __sfp_lock_release
 .text.__sinit  0x08010268       0x30 /opt/st/stm32cubeide_1.16.1/plugins/com.st.stm32cube.ide.mcu.externaltools.gnu-tools-for-stm32.12.3.rel1.linux64_1.0.200.202406132123/tools/bin/../lib/gcc/arm-none-eabi/12.3.1/../../../../arm-none-eabi/lib/thumb/v7e-m+fp/hard/libc_nano.a(libc_a-findfp.o)
                0x08010268                __sinit
 .text._fwalk_sglue
                0x08010298       0x3c /opt/st/stm32cubeide_1.16.1/plugins/com.st.stm32cube.ide.mcu.externaltools.gnu-tools-for-stm32.12.3.rel1.linux64_1.0.200.202406132123/tools/bin/../lib/gcc/arm-none-eabi/12.3.1/../../../../arm-none-eabi/lib/thumb/v7e-m+fp/hard/libc_nano.a(libc_a-fwalk.o)
                0x08010298                _fwalk_sglue
 .text.printf   0x080102d4       0x24 /opt/st/stm32cubeide_1.16.1/plugins/com.st.stm32cube.ide.mcu.externaltools.gnu-tools-for-stm32.12.3.rel1.linux64_1.0.200.202406132123/tools/bin/../lib/gcc/arm-none-eabi/12.3.1/../../../../arm-none-eabi/lib/thumb/v7e-m+fp/hard/libc_nano.a(libc_a-printf.o)
                0x080102d4                printf
                0x080102d4                iprintf
 .text._puts_r  0x080102f8       0xaa /opt/st/stm32cubeide_1.16.1/plugins/com.st.stm32cube.ide.mcu.externaltools.gnu-tools-for-stm32.12.3.rel1.linux64_1.0.200.202406132123/tools/bin/../lib/gcc/arm-none-eabi/12.3.1/../../../../arm-none-eabi/lib/thumb/v7e-m+fp/hard/libc_nano.a(libc_a-puts.o)
                0x080102f8                _puts_r
 *fill*         0x080103a2        0x2 
 .text.puts     0x080103a4       0x10 /opt/st/stm32cubeide_1.16.1/plugins/com.st.stm32cube.ide.mcu.externaltools.gnu-tools-for-stm32.12.3.rel1.linux64_1.0.200.202406132123/tools/bin/../lib/gcc/arm-none-eabi/12.3.1/../../../../arm-none-eabi/lib/thumb/v7e-m+fp/hard/libc_nano.a(libc_a-puts.o)
                0x080103a4                puts
 .text.snprintf
                0x080103b4       0x68 /opt/st/stm32cubeide_1.16.1/plugins/com.st.stm32cube.ide.mcu.externaltools.gnu-tools-for-stm32.12.3.rel1.linux64_1.0.200.202406132123/tools/bin/../lib/gcc/arm-none-eabi/12.3.1/../../../../arm-none-eabi/lib/thumb/v7e-m+fp/hard/libc_nano.a(libc_a-snprintf.o)
                0x080103b4                snprintf
                0x080103b4                sniprintf
 .text.sprintf  0x0801041c       0x40 /opt/st/stm32cubeide_1.16.1/plugins/com.st.stm32cube.ide.mcu.externaltools.gnu-tools-for-stm32.12.3.rel1.linux64_1.0.200.202406132123/tools/bin/../lib/gcc/arm-none-eabi/12.3.1/../../../../arm-none-eabi/lib/thumb/v7e-m+fp/hard/libc_nano.a(libc_a-sprintf.o)
                0x0801041c                sprintf
                0x0801041c                siprintf
 .text.sscanf   0x0801045c       0x54 /opt/st/stm32cubeide_1.16.1/plugins/com.st.stm32cube.ide.mcu.externaltools.gnu-tools-for-stm32.12.3.rel1.linux64_1.0.200.202406132123/tools/bin/../lib/gcc/arm-none-eabi/12.3.1/../../../../arm-none-eabi/lib/thumb/v7e-m+fp/hard/libc_nano.a(libc_a-sscanf.o)
                0x0801045c                sscanf
                0x0801045c                siscanf
 .text.__sread  0x080104b0       0x22 /opt/st/stm32cubeide_1.16.1/plugins/com.st.stm32cube.ide.mcu.externaltools.gnu-tools-for-stm32.12.3.rel1.linux64_1.0.200.202406132123/tools/bin/../lib/gcc/arm-none-eabi/12.3.1/../../../../arm-none-eabi/lib/thumb/v7e-m+fp/hard/libc_nano.a(libc_a-stdio.o)
                0x080104b0                __sread
 .text.__seofread
                0x080104d2        0x4 /opt/st/stm32cubeide_1.16.1/plugins/com.st.stm32cube.ide.mcu.externaltools.gnu-tools-for-stm32.12.3.rel1.linux64_1.0.200.202406132123/tools/bin/../lib/gcc/arm-none-eabi/12.3.1/../../../../arm-none-eabi/lib/thumb/v7e-m+fp/hard/libc_nano.a(libc_a-stdio.o)
                0x080104d2                __seofread
 .text.__swrite
                0x080104d6       0x38 /opt/st/stm32cubeide_1.16.1/plugins/com.st.stm32cube.ide.mcu.externaltools.gnu-tools-for-stm32.12.3.rel1.linux64_1.0.200.202406132123/tools/bin/../lib/gcc/arm-none-eabi/12.3.1/../../../../arm-none-eabi/lib/thumb/v7e-m+fp/hard/libc_nano.a(libc_a-stdio.o)
                0x080104d6                __swrite
 .text.__sseek  0x0801050e       0x24 /opt/st/stm32cubeide_1.16.1/plugins/com.st.stm32cube.ide.mcu.externaltools.gnu-tools-for-stm32.12.3.rel1.linux64_1.0.200.202406132123/tools/bin/../lib/gcc/arm-none-eabi/12.3.1/../../../../arm-none-eabi/lib/thumb/v7e-m+fp/hard/libc_nano.a(libc_a-stdio.o)
                0x0801050e                __sseek
 .text.__sclose
                0x08010532        0x8 /opt/st/stm32cubeide_1.16.1/plugins/com.st.stm32cube.ide.mcu.externaltools.gnu-tools-for-stm32.12.3.rel1.linux64_1.0.200.202406132123/tools/bin/../lib/gcc/arm-none-eabi/12.3.1/../../../../arm-none-eabi/lib/thumb/v7e-m+fp/hard/libc_nano.a(libc_a-stdio.o)
                0x08010532                __sclose
 .text.__swbuf_r
                0x0801053a       0x7c /opt/st/stm32cubeide_1.16.1/plugins/com.st.stm32cube.ide.mcu.externaltools.gnu-tools-for-stm32.12.3.rel1.linux64_1.0.200.202406132123/tools/bin/../lib/gcc/arm-none-eabi/12.3.1/../../../../arm-none-eabi/lib/thumb/v7e-m+fp/hard/libc_nano.a(libc_a-wbuf.o)
                0x0801053a                __swbuf_r
 *fill*         0x080105b6        0x2 
 .text.__swsetup_r
                0x080105b8       0xac /opt/st/stm32cubeide_1.16.1/plugins/com.st.stm32cube.ide.mcu.externaltools.gnu-tools-for-stm32.12.3.rel1.linux64_1.0.200.202406132123/tools/bin/../lib/gcc/arm-none-eabi/12.3.1/../../../../arm-none-eabi/lib/thumb/v7e-m+fp/hard/libc_nano.a(libc_a-wsetup.o)
                0x080105b8                __swsetup_r
 .text.memset   0x08010664       0x10 /opt/st/stm32cubeide_1.16.1/plugins/com.st.stm32cube.ide.mcu.externaltools.gnu-tools-for-stm32.12.3.rel1.linux64_1.0.200.202406132123/tools/bin/../lib/gcc/arm-none-eabi/12.3.1/../../../../arm-none-eabi/lib/thumb/v7e-m+fp/hard/libc_nano.a(libc_a-memset.o)
                0x08010664                memset
 .text.strncmp  0x08010674       0x24 /opt/st/stm32cubeide_1.16.1/plugins/com.st.stm32cube.ide.mcu.externaltools.gnu-tools-for-stm32.12.3.rel1.linux64_1.0.200.202406132123/tools/bin/../lib/gcc/arm-none-eabi/12.3.1/../../../../arm-none-eabi/lib/thumb/v7e-m+fp/hard/libc_nano.a(libc_a-strncmp.o)
                0x08010674                strncmp
 .text._localeconv_r
                0x08010698        0x8 /opt/st/stm32cubeide_1.16.1/plugins/com.st.stm32cube.ide.mcu.externaltools.gnu-tools-for-stm32.12.3.rel1.linux64_1.0.200.202406132123/tools/bin/../lib/gcc/arm-none-eabi/12.3.1/../../../../arm-none-eabi/lib/thumb/v7e-m+fp/hard/libc_nano.a(libc_a-localeconv.o)
                0x08010698                _localeconv_r
 .text._close_r
                0x080106a0       0x20 /opt/st/stm32cubeide_1.16.1/plugins/com.st.stm32cube.ide.mcu.externaltools.gnu-tools-for-stm32.12.3.rel1.linux64_1.0.200.202406132123/tools/bin/../lib/gcc/arm-none-eabi/12.3.1/../../../../arm-none-eabi/lib/thumb/v7e-m+fp/hard/libc_nano.a(libc_a-closer.o)
                0x080106a0                _close_r
 .text._lseek_r
                0x080106c0       0x24 /opt/st/stm32cubeide_1.16.1/plugins/com.st.stm32cube.ide.mcu.externaltools.gnu-tools-for-stm32.12.3.rel1.linux64_1.0.200.202406132123/tools/bin/../lib/gcc/arm-none-eabi/12.3.1/../../../../arm-none-eabi/lib/thumb/v7e-m+fp/hard/libc_nano.a(libc_a-lseekr.o)
                0x080106c0                _lseek_r
 .text._read_r  0x080106e4       0x24 /opt/st/stm32cubeide_1.16.1/plugins/com.st.stm32cube.ide.mcu.externaltools.gnu-tools-for-stm32.12.3.rel1.linux64_1.0.200.202406132123/tools/bin/../lib/gcc/arm-none-eabi/12.3.1/../../../../arm-none-eabi/lib/thumb/v7e-m+fp/hard/libc_nano.a(libc_a-readr.o)
                0x080106e4                _read_r
 .text._sbrk_r  0x08010708       0x20 /opt/st/stm32cubeide_1.16.1/plugins/com.st.stm32cube.ide.mcu.externaltools.gnu-tools-for-stm32.12.3.rel1.linux64_1.0.200.202406132123/tools/bin/../lib/gcc/arm-none-eabi/12.3.1/../../../../arm-none-eabi/lib/thumb/v7e-m+fp/hard/libc_nano.a(libc_a-sbrkr.o)
                0x08010708                _sbrk_r
 .text._write_r
                0x08010728       0x24 /opt/st/stm32cubeide_1.16.1/plugins/com.st.stm32cube.ide.mcu.externaltools.gnu-tools-for-stm32.12.3.rel1.linux64_1.0.200.202406132123/tools/bin/../lib/gcc/arm-none-eabi/12.3.1/../../../../arm-none-eabi/lib/thumb/v7e-m+fp/hard/libc_nano.a(libc_a-writer.o)
                0x08010728                _write_r
 .text.__errno  0x0801074c        0xc /opt/st/stm32cubeide_1.16.1/plugins/com.st.stm32cube.ide.mcu.externaltools.gnu-tools-for-stm32.12.3.rel1.linux64_1.0.200.202406132123/tools/bin/../lib/gcc/arm-none-eabi/12.3.1/../../../../arm-none-eabi/lib/thumb/v7e-m+fp/hard/libc_nano.a(libc_a-errno.o)
                0x0801074c                __errno
 .text.__libc_init_array
                0x08010758       0x48 /opt/st/stm32cubeide_1.16.1/plugins/com.st.stm32cube.ide.mcu.externaltools.gnu-tools-for-stm32.12.3.rel1.linux64_1.0.200.202406132123/tools/bin/../lib/gcc/arm-none-eabi/12.3.1/../../../../arm-none-eabi/lib/thumb/v7e-m+fp/hard/libc_nano.a(libc_a-init.o)
                0x08010758                __libc_init_array
 .text.__retarget_lock_init_recursive
                0x080107a0        0x2 /opt/st/stm32cubeide_1.16.1/plugins/com.st.stm32cube.ide.mcu.externaltools.gnu-tools-for-stm32.12.3.rel1.linux64_1.0.200.202406132123/tools/bin/../lib/gcc/arm-none-eabi/12.3.1/../../../../arm-none-eabi/lib/thumb/v7e-m+fp/hard/libc_nano.a(libc_a-lock.o)
                0x080107a0                __retarget_lock_init_recursive
 .text.__retarget_lock_acquire_recursive
                0x080107a2        0x2 /opt/st/stm32cubeide_1.16.1/plugins/com.st.stm32cube.ide.mcu.externaltools.gnu-tools-for-stm32.12.3.rel1.linux64_1.0.200.202406132123/tools/bin/../lib/gcc/arm-none-eabi/12.3.1/../../../../arm-none-eabi/lib/thumb/v7e-m+fp/hard/libc_nano.a(libc_a-lock.o)
                0x080107a2                __retarget_lock_acquire_recursive
 .text.__retarget_lock_release_recursive
                0x080107a4        0x2 /opt/st/stm32cubeide_1.16.1/plugins/com.st.stm32cube.ide.mcu.externaltools.gnu-tools-for-stm32.12.3.rel1.linux64_1.0.200.202406132123/tools/bin/../lib/gcc/arm-none-eabi/12.3.1/../../../../arm-none-eabi/lib/thumb/v7e-m+fp/hard/libc_nano.a(libc_a-lock.o)
                0x080107a4                __retarget_lock_release_recursive
 .text.memcpy   0x080107a6       0x1c /opt/st/stm32cubeide_1.16.1/plugins/com.st.stm32cube.ide.mcu.externaltools.gnu-tools-for-stm32.12.3.rel1.linux64_1.0.200.202406132123/tools/bin/../lib/gcc/arm-none-eabi/12.3.1/../../../../arm-none-eabi/lib/thumb/v7e-m+fp/hard/libc_nano.a(libc_a-memcpy-stub.o)
                0x080107a6                memcpy
 *fill*         0x080107c2        0x2 
 .text.nanf     0x080107c4        0xc /opt/st/stm32cubeide_1.16.1/plugins/com.st.stm32cube.ide.mcu.externaltools.gnu-tools-for-stm32.12.3.rel1.linux64_1.0.200.202406132123/tools/bin/../lib/gcc/arm-none-eabi/12.3.1/../../../../arm-none-eabi/lib/thumb/v7e-m+fp/hard/libc_nano.a(libm_a-sf_nan.o)
                0x080107c4                nanf
 .text.copysignf
                0x080107d0       0x18 /opt/st/stm32cubeide_1.16.1/plugins/com.st.stm32cube.ide.mcu.externaltools.gnu-tools-for-stm32.12.3.rel1.linux64_1.0.200.202406132123/tools/bin/../lib/gcc/arm-none-eabi/12.3.1/../../../../arm-none-eabi/lib/thumb/v7e-m+fp/hard/libc_nano.a(libm_a-sf_copysign.o)
                0x080107d0                copysignf
 .text.quorem   0x080107e8      0x110 /opt/st/stm32cubeide_1.16.1/plugins/com.st.stm32cube.ide.mcu.externaltools.gnu-tools-for-stm32.12.3.rel1.linux64_1.0.200.202406132123/tools/bin/../lib/gcc/arm-none-eabi/12.3.1/../../../../arm-none-eabi/lib/thumb/v7e-m+fp/hard/libc_nano.a(libc_a-dtoa.o)
 .text._dtoa_r  0x080108f8      0xb88 /opt/st/stm32cubeide_1.16.1/plugins/com.st.stm32cube.ide.mcu.externaltools.gnu-tools-for-stm32.12.3.rel1.linux64_1.0.200.202406132123/tools/bin/../lib/gcc/arm-none-eabi/12.3.1/../../../../arm-none-eabi/lib/thumb/v7e-m+fp/hard/libc_nano.a(libc_a-dtoa.o)
                0x080108f8                _dtoa_r
 .text._free_r  0x08011480       0x94 /opt/st/stm32cubeide_1.16.1/plugins/com.st.stm32cube.ide.mcu.externaltools.gnu-tools-for-stm32.12.3.rel1.linux64_1.0.200.202406132123/tools/bin/../lib/gcc/arm-none-eabi/12.3.1/../../../../arm-none-eabi/lib/thumb/v7e-m+fp/hard/libc_nano.a(libc_a-freer.o)
                0x08011480                _free_r
 .text._Balloc  0x08011514       0x80 /opt/st/stm32cubeide_1.16.1/plugins/com.st.stm32cube.ide.mcu.externaltools.gnu-tools-for-stm32.12.3.rel1.linux64_1.0.200.202406132123/tools/bin/../lib/gcc/arm-none-eabi/12.3.1/../../../../arm-none-eabi/lib/thumb/v7e-m+fp/hard/libc_nano.a(libc_a-mprec.o)
                0x08011514                _Balloc
 .text._Bfree   0x08011594       0x44 /opt/st/stm32cubeide_1.16.1/plugins/com.st.stm32cube.ide.mcu.externaltools.gnu-tools-for-stm32.12.3.rel1.linux64_1.0.200.202406132123/tools/bin/../lib/gcc/arm-none-eabi/12.3.1/../../../../arm-none-eabi/lib/thumb/v7e-m+fp/hard/libc_nano.a(libc_a-mprec.o)
                0x08011594                _Bfree
 .text.__multadd
                0x080115d8       0x8c /opt/st/stm32cubeide_1.16.1/plugins/com.st.stm32cube.ide.mcu.externaltools.gnu-tools-for-stm32.12.3.rel1.linux64_1.0.200.202406132123/tools/bin/../lib/gcc/arm-none-eabi/12.3.1/../../../../arm-none-eabi/lib/thumb/v7e-m+fp/hard/libc_nano.a(libc_a-mprec.o)
                0x080115d8                __multadd
 .text.__s2b    0x08011664       0x94 /opt/st/stm32cubeide_1.16.1/plugins/com.st.stm32cube.ide.mcu.externaltools.gnu-tools-for-stm32.12.3.rel1.linux64_1.0.200.202406132123/tools/bin/../lib/gcc/arm-none-eabi/12.3.1/../../../../arm-none-eabi/lib/thumb/v7e-m+fp/hard/libc_nano.a(libc_a-mprec.o)
                0x08011664                __s2b
 .text.__hi0bits
                0x080116f8       0x3e /opt/st/stm32cubeide_1.16.1/plugins/com.st.stm32cube.ide.mcu.externaltools.gnu-tools-for-stm32.12.3.rel1.linux64_1.0.200.202406132123/tools/bin/../lib/gcc/arm-none-eabi/12.3.1/../../../../arm-none-eabi/lib/thumb/v7e-m+fp/hard/libc_nano.a(libc_a-mprec.o)
                0x080116f8                __hi0bits
 .text.__lo0bits
                0x08011736       0x5a /opt/st/stm32cubeide_1.16.1/plugins/com.st.stm32cube.ide.mcu.externaltools.gnu-tools-for-stm32.12.3.rel1.linux64_1.0.200.202406132123/tools/bin/../lib/gcc/arm-none-eabi/12.3.1/../../../../arm-none-eabi/lib/thumb/v7e-m+fp/hard/libc_nano.a(libc_a-mprec.o)
                0x08011736                __lo0bits
 .text.__i2b    0x08011790       0x2c /opt/st/stm32cubeide_1.16.1/plugins/com.st.stm32cube.ide.mcu.externaltools.gnu-tools-for-stm32.12.3.rel1.linux64_1.0.200.202406132123/tools/bin/../lib/gcc/arm-none-eabi/12.3.1/../../../../arm-none-eabi/lib/thumb/v7e-m+fp/hard/libc_nano.a(libc_a-mprec.o)
                0x08011790                __i2b
 .text.__multiply
                0x080117bc      0x154 /opt/st/stm32cubeide_1.16.1/plugins/com.st.stm32cube.ide.mcu.externaltools.gnu-tools-for-stm32.12.3.rel1.linux64_1.0.200.202406132123/tools/bin/../lib/gcc/arm-none-eabi/12.3.1/../../../../arm-none-eabi/lib/thumb/v7e-m+fp/hard/libc_nano.a(libc_a-mprec.o)
                0x080117bc                __multiply
 .text.__pow5mult
                0x08011910       0xb4 /opt/st/stm32cubeide_1.16.1/plugins/com.st.stm32cube.ide.mcu.externaltools.gnu-tools-for-stm32.12.3.rel1.linux64_1.0.200.202406132123/tools/bin/../lib/gcc/arm-none-eabi/12.3.1/../../../../arm-none-eabi/lib/thumb/v7e-m+fp/hard/libc_nano.a(libc_a-mprec.o)
                0x08011910                __pow5mult
 .text.__lshift
                0x080119c4       0xd8 /opt/st/stm32cubeide_1.16.1/plugins/com.st.stm32cube.ide.mcu.externaltools.gnu-tools-for-stm32.12.3.rel1.linux64_1.0.200.202406132123/tools/bin/../lib/gcc/arm-none-eabi/12.3.1/../../../../arm-none-eabi/lib/thumb/v7e-m+fp/hard/libc_nano.a(libc_a-mprec.o)
                0x080119c4                __lshift
 .text.__mcmp   0x08011a9c       0x36 /opt/st/stm32cubeide_1.16.1/plugins/com.st.stm32cube.ide.mcu.externaltools.gnu-tools-for-stm32.12.3.rel1.linux64_1.0.200.202406132123/tools/bin/../lib/gcc/arm-none-eabi/12.3.1/../../../../arm-none-eabi/lib/thumb/v7e-m+fp/hard/libc_nano.a(libc_a-mprec.o)
                0x08011a9c                __mcmp
 *fill*         0x08011ad2        0x2 
 .text.__mdiff  0x08011ad4      0x128 /opt/st/stm32cubeide_1.16.1/plugins/com.st.stm32cube.ide.mcu.externaltools.gnu-tools-for-stm32.12.3.rel1.linux64_1.0.200.202406132123/tools/bin/../lib/gcc/arm-none-eabi/12.3.1/../../../../arm-none-eabi/lib/thumb/v7e-m+fp/hard/libc_nano.a(libc_a-mprec.o)
                0x08011ad4                __mdiff
 .text.__ulp    0x08011bfc       0x4c /opt/st/stm32cubeide_1.16.1/plugins/com.st.stm32cube.ide.mcu.externaltools.gnu-tools-for-stm32.12.3.rel1.linux64_1.0.200.202406132123/tools/bin/../lib/gcc/arm-none-eabi/12.3.1/../../../../arm-none-eabi/lib/thumb/v7e-m+fp/hard/libc_nano.a(libc_a-mprec.o)
                0x08011bfc                __ulp
 .text.__b2d    0x08011c48       0x94 /opt/st/stm32cubeide_1.16.1/plugins/com.st.stm32cube.ide.mcu.externaltools.gnu-tools-for-stm32.12.3.rel1.linux64_1.0.200.202406132123/tools/bin/../lib/gcc/arm-none-eabi/12.3.1/../../../../arm-none-eabi/lib/thumb/v7e-m+fp/hard/libc_nano.a(libc_a-mprec.o)
                0x08011c48                __b2d
 .text.__d2b    0x08011cdc       0xb0 /opt/st/stm32cubeide_1.16.1/plugins/com.st.stm32cube.ide.mcu.externaltools.gnu-tools-for-stm32.12.3.rel1.linux64_1.0.200.202406132123/tools/bin/../lib/gcc/arm-none-eabi/12.3.1/../../../../arm-none-eabi/lib/thumb/v7e-m+fp/hard/libc_nano.a(libc_a-mprec.o)
                0x08011cdc                __d2b
 .text.__ratio  0x08011d8c       0x64 /opt/st/stm32cubeide_1.16.1/plugins/com.st.stm32cube.ide.mcu.externaltools.gnu-tools-for-stm32.12.3.rel1.linux64_1.0.200.202406132123/tools/bin/../lib/gcc/arm-none-eabi/12.3.1/../../../../arm-none-eabi/lib/thumb/v7e-m+fp/hard/libc_nano.a(libc_a-mprec.o)
                0x08011d8c                __ratio
 .text.__copybits
                0x08011df0       0x46 /opt/st/stm32cubeide_1.16.1/plugins/com.st.stm32cube.ide.mcu.externaltools.gnu-tools-for-stm32.12.3.rel1.linux64_1.0.200.202406132123/tools/bin/../lib/gcc/arm-none-eabi/12.3.1/../../../../arm-none-eabi/lib/thumb/v7e-m+fp/hard/libc_nano.a(libc_a-mprec.o)
                0x08011df0                __copybits
 .text.__any_on
                0x08011e36       0x42 /opt/st/stm32cubeide_1.16.1/plugins/com.st.stm32cube.ide.mcu.externaltools.gnu-tools-for-stm32.12.3.rel1.linux64_1.0.200.202406132123/tools/bin/../lib/gcc/arm-none-eabi/12.3.1/../../../../arm-none-eabi/lib/thumb/v7e-m+fp/hard/libc_nano.a(libc_a-mprec.o)
                0x08011e36                __any_on
 .text.sulp     0x08011e78       0x3c /opt/st/stm32cubeide_1.16.1/plugins/com.st.stm32cube.ide.mcu.externaltools.gnu-tools-for-stm32.12.3.rel1.linux64_1.0.200.202406132123/tools/bin/../lib/gcc/arm-none-eabi/12.3.1/../../../../arm-none-eabi/lib/thumb/v7e-m+fp/hard/libc_nano.a(libc_a-strtod.o)
 *fill*         0x08011eb4        0x4 
 .text._strtod_l
                0x08011eb8      0xbc8 /opt/st/stm32cubeide_1.16.1/plugins/com.st.stm32cube.ide.mcu.externaltools.gnu-tools-for-stm32.12.3.rel1.linux64_1.0.200.202406132123/tools/bin/../lib/gcc/arm-none-eabi/12.3.1/../../../../arm-none-eabi/lib/thumb/v7e-m+fp/hard/libc_nano.a(libc_a-strtod.o)
                0x08011eb8                _strtod_l
 .text._strtod_r
                0x08012a80        0xc /opt/st/stm32cubeide_1.16.1/plugins/com.st.stm32cube.ide.mcu.externaltools.gnu-tools-for-stm32.12.3.rel1.linux64_1.0.200.202406132123/tools/bin/../lib/gcc/arm-none-eabi/12.3.1/../../../../arm-none-eabi/lib/thumb/v7e-m+fp/hard/libc_nano.a(libc_a-strtod.o)
                0x08012a80                _strtod_r
 .text._strtol_l.constprop.0